Component: ARM Compiler 5.06 update 5 (build 528) Tool: armlink [4d35e2]

==============================================================================

Section Cross References

    startup_stm32f40_41xxx.o(RESET) refers to startup_stm32f40_41xxx.o(STACK) for __initial_sp
    startup_stm32f40_41xxx.o(RESET) refers to startup_stm32f40_41xxx.o(.text) for Reset_Handler
    startup_stm32f40_41xxx.o(RESET) refers to main.o(i.HardFault_Handler) for HardFault_Handler
    startup_stm32f40_41xxx.o(RESET) refers to voice.o(i.USART3_IRQHandler) for USART3_IRQHandler
    startup_stm32f40_41xxx.o(RESET) refers to bc7210.o(i.SPI3_IRQHandler) for SPI3_IRQHandler
    startup_stm32f40_41xxx.o(.text) refers to system_stm32f4xx.o(i.SystemInit) for SystemInit
    startup_stm32f40_41xxx.o(.text) refers to entry.o(.ARM.Collect$$$$00000000) for __main
    system_stm32f4xx.o(i.SystemCoreClockUpdate) refers to system_stm32f4xx.o(.data) for SystemCoreClock
    system_stm32f4xx.o(i.SystemInit) refers to system_stm32f4xx.o(i.SetSysClock) for SetSysClock
    misc.o(i.NVIC_Init) refers to main.o(i.assert_failed) for assert_failed
    misc.o(i.NVIC_PriorityGroupConfig) refers to main.o(i.assert_failed) for assert_failed
    misc.o(i.NVIC_SetVectorTable) refers to main.o(i.assert_failed) for assert_failed
    misc.o(i.NVIC_SystemLPConfig) refers to main.o(i.assert_failed) for assert_failed
    misc.o(i.SysTick_CLKSourceConfig) refers to main.o(i.assert_failed) for assert_failed
    stm32f4xx_adc.o(i.ADC_AnalogWatchdogCmd) refers to main.o(i.assert_failed) for assert_failed
    stm32f4xx_adc.o(i.ADC_AnalogWatchdogSingleChannelConfig) refers to main.o(i.assert_failed) for assert_failed
    stm32f4xx_adc.o(i.ADC_AnalogWatchdogThresholdsConfig) refers to main.o(i.assert_failed) for assert_failed
    stm32f4xx_adc.o(i.ADC_AutoInjectedConvCmd) refers to main.o(i.assert_failed) for assert_failed
    stm32f4xx_adc.o(i.ADC_ClearFlag) refers to main.o(i.assert_failed) for assert_failed
    stm32f4xx_adc.o(i.ADC_ClearITPendingBit) refers to main.o(i.assert_failed) for assert_failed
    stm32f4xx_adc.o(i.ADC_Cmd) refers to main.o(i.assert_failed) for assert_failed
    stm32f4xx_adc.o(i.ADC_CommonInit) refers to main.o(i.assert_failed) for assert_failed
    stm32f4xx_adc.o(i.ADC_ContinuousModeCmd) refers to main.o(i.assert_failed) for assert_failed
    stm32f4xx_adc.o(i.ADC_DMACmd) refers to main.o(i.assert_failed) for assert_failed
    stm32f4xx_adc.o(i.ADC_DMARequestAfterLastTransferCmd) refers to main.o(i.assert_failed) for assert_failed
    stm32f4xx_adc.o(i.ADC_DeInit) refers to stm32f4xx_rcc.o(i.RCC_APB2PeriphResetCmd) for RCC_APB2PeriphResetCmd
    stm32f4xx_adc.o(i.ADC_DiscModeChannelCountConfig) refers to main.o(i.assert_failed) for assert_failed
    stm32f4xx_adc.o(i.ADC_DiscModeCmd) refers to main.o(i.assert_failed) for assert_failed
    stm32f4xx_adc.o(i.ADC_EOCOnEachRegularChannelCmd) refers to main.o(i.assert_failed) for assert_failed
    stm32f4xx_adc.o(i.ADC_ExternalTrigInjectedConvConfig) refers to main.o(i.assert_failed) for assert_failed
    stm32f4xx_adc.o(i.ADC_ExternalTrigInjectedConvEdgeConfig) refers to main.o(i.assert_failed) for assert_failed
    stm32f4xx_adc.o(i.ADC_GetConversionValue) refers to main.o(i.assert_failed) for assert_failed
    stm32f4xx_adc.o(i.ADC_GetFlagStatus) refers to main.o(i.assert_failed) for assert_failed
    stm32f4xx_adc.o(i.ADC_GetITStatus) refers to main.o(i.assert_failed) for assert_failed
    stm32f4xx_adc.o(i.ADC_GetInjectedConversionValue) refers to main.o(i.assert_failed) for assert_failed
    stm32f4xx_adc.o(i.ADC_GetSoftwareStartConvStatus) refers to main.o(i.assert_failed) for assert_failed
    stm32f4xx_adc.o(i.ADC_GetSoftwareStartInjectedConvCmdStatus) refers to main.o(i.assert_failed) for assert_failed
    stm32f4xx_adc.o(i.ADC_ITConfig) refers to main.o(i.assert_failed) for assert_failed
    stm32f4xx_adc.o(i.ADC_Init) refers to main.o(i.assert_failed) for assert_failed
    stm32f4xx_adc.o(i.ADC_InjectedChannelConfig) refers to main.o(i.assert_failed) for assert_failed
    stm32f4xx_adc.o(i.ADC_InjectedDiscModeCmd) refers to main.o(i.assert_failed) for assert_failed
    stm32f4xx_adc.o(i.ADC_InjectedSequencerLengthConfig) refers to main.o(i.assert_failed) for assert_failed
    stm32f4xx_adc.o(i.ADC_MultiModeDMARequestAfterLastTransferCmd) refers to main.o(i.assert_failed) for assert_failed
    stm32f4xx_adc.o(i.ADC_RegularChannelConfig) refers to main.o(i.assert_failed) for assert_failed
    stm32f4xx_adc.o(i.ADC_SetInjectedOffset) refers to main.o(i.assert_failed) for assert_failed
    stm32f4xx_adc.o(i.ADC_SoftwareStartConv) refers to main.o(i.assert_failed) for assert_failed
    stm32f4xx_adc.o(i.ADC_SoftwareStartInjectedConv) refers to main.o(i.assert_failed) for assert_failed
    stm32f4xx_adc.o(i.ADC_TempSensorVrefintCmd) refers to main.o(i.assert_failed) for assert_failed
    stm32f4xx_adc.o(i.ADC_VBATCmd) refers to main.o(i.assert_failed) for assert_failed
[...]
    Removing stm32f4xx_sdio.o(i.SDIO_StartSDIOReadWait), (84 bytes).
    Removing stm32f4xx_sdio.o(i.SDIO_StopSDIOReadWait), (84 bytes).
    Removing stm32f4xx_sdio.o(i.SDIO_StructInit), (16 bytes).
    Removing stm32f4xx_sdio.o(i.SDIO_WriteData), (12 bytes).
    Removing stm32f4xx_spdifrx.o(.rev16_text), (4 bytes).
    Removing stm32f4xx_spdifrx.o(.revsh_text), (4 bytes).
    Removing stm32f4xx_spdifrx.o(.rrx_text), (6 bytes).
    Removing stm32f4xx_spi.o(.rev16_text), (4 bytes).
    Removing stm32f4xx_spi.o(.revsh_text), (4 bytes).
    Removing stm32f4xx_spi.o(.rrx_text), (6 bytes).
    Removing stm32f4xx_spi.o(i.I2S_Cmd), (148 bytes).
    Removing stm32f4xx_spi.o(i.I2S_FullDuplexConfig), (304 bytes).
    Removing stm32f4xx_spi.o(i.I2S_Init), (620 bytes).
    Removing stm32f4xx_spi.o(i.I2S_StructInit), (20 bytes).
    Removing stm32f4xx_spi.o(i.SPI_BiDirectionalLineConfig), (184 bytes).
    Removing stm32f4xx_spi.o(i.SPI_CalculateCRC), (172 bytes).
    Removing stm32f4xx_spi.o(i.SPI_DataSizeConfig), (168 bytes).
    Removing stm32f4xx_spi.o(i.SPI_GetCRC), (164 bytes).
    Removing stm32f4xx_spi.o(i.SPI_GetCRCPolynomial), (132 bytes).
    Removing stm32f4xx_spi.o(i.SPI_I2S_ClearFlag), (168 bytes).
    Removing stm32f4xx_spi.o(i.SPI_I2S_ClearITPendingBit), (180 bytes).
    Removing stm32f4xx_spi.o(i.SPI_I2S_DMACmd), (208 bytes).
    Removing stm32f4xx_spi.o(i.SPI_I2S_DeInit), (276 bytes).
    Removing stm32f4xx_spi.o(i.SPI_NSSInternalSoftwareConfig), (188 bytes).
    Removing stm32f4xx_spi.o(i.SPI_SSOutputCmd), (172 bytes).
    Removing stm32f4xx_spi.o(i.SPI_StructInit), (24 bytes).
    Removing stm32f4xx_spi.o(i.SPI_TIModeCmd), (172 bytes).
    Removing stm32f4xx_spi.o(i.SPI_TransmitCRC), (140 bytes).
    Removing stm32f4xx_syscfg.o(.rev16_text), (4 bytes).
    Removing stm32f4xx_syscfg.o(.revsh_text), (4 bytes).
    Removing stm32f4xx_syscfg.o(.rrx_text), (6 bytes).
    Removing stm32f4xx_syscfg.o(i.SYSCFG_CompensationCellCmd), (88 bytes).
    Removing stm32f4xx_syscfg.o(i.SYSCFG_DeInit), (22 bytes).
    Removing stm32f4xx_syscfg.o(i.SYSCFG_ETH_MediaInterfaceConfig), (88 bytes).
    Removing stm32f4xx_syscfg.o(i.SYSCFG_EXTILineConfig), (248 bytes).
    Removing stm32f4xx_syscfg.o(i.SYSCFG_GetCompensationCellStatus), (24 bytes).
    Removing stm32f4xx_syscfg.o(i.SYSCFG_MemoryRemapConfig), (96 bytes).
    Removing stm32f4xx_syscfg.o(i.SYSCFG_MemorySwappingBank), (88 bytes).
    Removing stm32f4xx_tim.o(.rev16_text), (4 bytes).
    Removing stm32f4xx_tim.o(.revsh_text), (4 bytes).
    Removing stm32f4xx_tim.o(.rrx_text), (6 bytes).
    Removing stm32f4xx_tim.o(i.TI1_Config), (58 bytes).
    Removing stm32f4xx_tim.o(i.TI2_Config), (80 bytes).
    Removing stm32f4xx_tim.o(i.TI3_Config), (72 bytes).
    Removing stm32f4xx_tim.o(i.TI4_Config), (80 bytes).
    Removing stm32f4xx_tim.o(i.TIM_BDTRConfig), (284 bytes).
    Removing stm32f4xx_tim.o(i.TIM_BDTRStructInit), (18 bytes).
    Removing stm32f4xx_tim.o(i.TIM_CCPreloadControl), (132 bytes).
    Removing stm32f4xx_tim.o(i.TIM_CCxCmd), (264 bytes).
    Removing stm32f4xx_tim.o(i.TIM_CCxNCmd), (164 bytes).
    Removing stm32f4xx_tim.o(i.TIM_ClearITPendingBit), (212 bytes).
    Removing stm32f4xx_tim.o(i.TIM_ClearOC1Ref), (220 bytes).
    Removing stm32f4xx_tim.o(i.TIM_ClearOC2Ref), (188 bytes).
    Removing stm32f4xx_tim.o(i.TIM_ClearOC3Ref), (160 bytes).
    Removing stm32f4xx_tim.o(i.TIM_ClearOC4Ref), (168 bytes).
    Removing stm32f4xx_tim.o(i.TIM_CounterModeConfig), (172 bytes).
    Removing stm32f4xx_tim.o(i.TIM_CtrlPWMOutputs), (140 bytes).
    Removing stm32f4xx_tim.o(i.TIM_DMACmd), (208 bytes).
    Removing stm32f4xx_tim.o(i.TIM_DMAConfig), (344 bytes).
    Removing stm32f4xx_tim.o(i.TIM_DeInit), (544 bytes).
    Removing stm32f4xx_tim.o(i.TIM_ETRClockMode1Config), (244 bytes).
    Removing stm32f4xx_tim.o(i.TIM_ETRClockMode2Config), (224 bytes).
    Removing stm32f4xx_tim.o(i.TIM_ETRConfig), (236 bytes).
    Removing stm32f4xx_tim.o(i.TIM_EncoderInterfaceConfig), (308 bytes).
    Removing stm32f4xx_tim.o(i.TIM_ForcedOC1Config), (224 bytes).
    Removing stm32f4xx_tim.o(i.TIM_ForcedOC2Config), (192 bytes).
    Removing stm32f4xx_tim.o(i.TIM_ForcedOC3Config), (164 bytes).
    Removing stm32f4xx_tim.o(i.TIM_ForcedOC4Config), (172 bytes).
    Removing stm32f4xx_tim.o(i.TIM_GetCapture1), (188 bytes).
    Removing stm32f4xx_tim.o(i.TIM_GetCapture2), (148 bytes).
    Removing stm32f4xx_tim.o(i.TIM_GetCapture3), (128 bytes).
    Removing stm32f4xx_tim.o(i.TIM_GetCapture4), (128 bytes).
    Removing stm32f4xx_tim.o(i.TIM_GetCounter), (208 bytes).
    Removing stm32f4xx_tim.o(i.TIM_GetITStatus), (292 bytes).
    Removing stm32f4xx_tim.o(i.TIM_GetPrescaler), (208 bytes).
    Removing stm32f4xx_tim.o(i.TIM_ICInit), (556 bytes).
    Removing stm32f4xx_tim.o(i.TIM_ICStructInit), (18 bytes).
    Removing stm32f4xx_tim.o(i.TIM_ITConfig), (264 bytes).
    Removing stm32f4xx_tim.o(i.TIM_ITRxExternalClockConfig), (192 bytes).
    Removing stm32f4xx_tim.o(i.TIM_InternalClockConfig), (156 bytes).
    Removing stm32f4xx_tim.o(i.TIM_OC1FastConfig), (220 bytes).
    Removing stm32f4xx_tim.o(i.TIM_OC1NPolarityConfig), (124 bytes).
    Removing stm32f4xx_tim.o(i.TIM_OC1PolarityConfig), (220 bytes).
    Removing stm32f4xx_tim.o(i.TIM_OC2FastConfig), (188 bytes).
    Removing stm32f4xx_tim.o(i.TIM_OC2NPolarityConfig), (132 bytes).
    Removing stm32f4xx_tim.o(i.TIM_OC2PolarityConfig), (188 bytes).
    Removing stm32f4xx_tim.o(i.TIM_OC3FastConfig), (160 bytes).
    Removing stm32f4xx_tim.o(i.TIM_OC3NPolarityConfig), (132 bytes).
    Removing stm32f4xx_tim.o(i.TIM_OC3PolarityConfig), (168 bytes).
    Removing stm32f4xx_tim.o(i.TIM_OC4FastConfig), (168 bytes).
    Removing stm32f4xx_tim.o(i.TIM_OC4PolarityConfig), (168 bytes).
    Removing stm32f4xx_tim.o(i.TIM_OCStructInit), (20 bytes).
    Removing stm32f4xx_tim.o(i.TIM_PWMIConfig), (264 bytes).
    Removing stm32f4xx_tim.o(i.TIM_RemapConfig), (156 bytes).
    Removing stm32f4xx_tim.o(i.TIM_SelectCCDMA), (168 bytes).
    Removing stm32f4xx_tim.o(i.TIM_SelectCOM), (132 bytes).
    Removing stm32f4xx_tim.o(i.TIM_SelectHallSensor), (188 bytes).
    Removing stm32f4xx_tim.o(i.TIM_SelectInputTrigger), (244 bytes).
    Removing stm32f4xx_tim.o(i.TIM_SelectMasterSlaveMode), (184 bytes).
    Removing stm32f4xx_tim.o(i.TIM_SelectOCxM), (348 bytes).
    Removing stm32f4xx_tim.o(i.TIM_SelectOutputTrigger), (208 bytes).
    Removing stm32f4xx_tim.o(i.TIM_SelectSlaveMode), (192 bytes).
    Removing stm32f4xx_tim.o(i.TIM_SetClockDivision), (232 bytes).
    Removing stm32f4xx_tim.o(i.TIM_SetCounter), (212 bytes).
    Removing stm32f4xx_tim.o(i.TIM_SetIC1Prescaler), (232 bytes).
    Removing stm32f4xx_tim.o(i.TIM_SetIC2Prescaler), (200 bytes).
    Removing stm32f4xx_tim.o(i.TIM_SetIC3Prescaler), (172 bytes).
    Removing stm32f4xx_tim.o(i.TIM_SetIC4Prescaler), (180 bytes).
    Removing stm32f4xx_tim.o(i.TIM_TIxExternalClockConfig), (280 bytes).
    Removing stm32f4xx_tim.o(i.TIM_TimeBaseStructInit), (18 bytes).
    Removing stm32f4xx_usart.o(.rev16_text), (4 bytes).
    Removing stm32f4xx_usart.o(.revsh_text), (4 bytes).
    Removing stm32f4xx_usart.o(.rrx_text), (6 bytes).
    Removing stm32f4xx_usart.o(i.USART_ClearFlag), (244 bytes).
    Removing stm32f4xx_usart.o(i.USART_ClockInit), (236 bytes).
    Removing stm32f4xx_usart.o(i.USART_ClockStructInit), (12 bytes).
    Removing stm32f4xx_usart.o(i.USART_DMACmd), (232 bytes).
    Removing stm32f4xx_usart.o(i.USART_DeInit), (368 bytes).
    Removing stm32f4xx_usart.o(i.USART_HalfDuplexCmd), (212 bytes).
    Removing stm32f4xx_usart.o(i.USART_ITConfig), (376 bytes).
    Removing stm32f4xx_usart.o(i.USART_IrDACmd), (212 bytes).
    Removing stm32f4xx_usart.o(i.USART_IrDAConfig), (208 bytes).
    Removing stm32f4xx_usart.o(i.USART_LINBreakDetectLengthConfig), (208 bytes).
    Removing stm32f4xx_usart.o(i.USART_LINCmd), (212 bytes).
    Removing stm32f4xx_usart.o(i.USART_OneBitMethodCmd), (212 bytes).
    Removing stm32f4xx_usart.o(i.USART_OverSampling8Cmd), (212 bytes).
    Removing stm32f4xx_usart.o(i.USART_ReceiverWakeUpCmd), (212 bytes).
    Removing stm32f4xx_usart.o(i.USART_SendBreak), (180 bytes).
    Removing stm32f4xx_usart.o(i.USART_SetAddress), (204 bytes).
    Removing stm32f4xx_usart.o(i.USART_SetGuardTime), (128 bytes).
    Removing stm32f4xx_usart.o(i.USART_SetPrescaler), (188 bytes).
    Removing stm32f4xx_usart.o(i.USART_SmartCardCmd), (152 bytes).
    Removing stm32f4xx_usart.o(i.USART_SmartCardNACKCmd), (152 bytes).
    Removing stm32f4xx_usart.o(i.USART_WakeUpConfig), (208 bytes).
    Removing stm32f4xx_wwdg.o(.rev16_text), (4 bytes).
    Removing stm32f4xx_wwdg.o(.revsh_text), (4 bytes).
    Removing stm32f4xx_wwdg.o(.rrx_text), (6 bytes).
    Removing stm32f4xx_wwdg.o(i.WWDG_ClearFlag), (12 bytes).
    Removing stm32f4xx_wwdg.o(i.WWDG_DeInit), (22 bytes).
    Removing stm32f4xx_wwdg.o(i.WWDG_Enable), (88 bytes).
    Removing stm32f4xx_wwdg.o(i.WWDG_EnableIT), (12 bytes).
    Removing stm32f4xx_wwdg.o(i.WWDG_GetFlagStatus), (20 bytes).
    Removing stm32f4xx_wwdg.o(i.WWDG_SetCounter), (88 bytes).
    Removing stm32f4xx_wwdg.o(i.WWDG_SetPrescaler), (108 bytes).
    Removing stm32f4xx_wwdg.o(i.WWDG_SetWindowValue), (108 bytes).
    Removing main.o(.rev16_text), (4 bytes).
    Removing main.o(.revsh_text), (4 bytes).
    Removing main.o(.rrx_text), (6 bytes).
    Removing gpio.o(.rev16_text), (4 bytes).
    Removing gpio.o(.revsh_text), (4 bytes).
    Removing gpio.o(.rrx_text), (6 bytes).
    Removing gpio.o(i.Key_Scan), (136 bytes).
    Removing gpio.o(i.RGBLed_Control), (276 bytes).
    Removing gpio.o(.data), (1 bytes).
    Removing timer.o(.rev16_text), (4 bytes).
    Removing timer.o(.revsh_text), (4 bytes).
    Removing timer.o(.rrx_text), (6 bytes).
    Removing motor.o(.rev16_text), (4 bytes).
    Removing motor.o(.revsh_text), (4 bytes).
    Removing motor.o(.rrx_text), (6 bytes).
    Removing motor.o(i.Motor_StepBack), (28 bytes).
    Removing usart.o(.rev16_text), (4 bytes).
    Removing usart.o(.revsh_text), (4 bytes).
    Removing usart.o(.rrx_text), (6 bytes).
    Removing voice.o(.rev16_text), (4 bytes).
    Removing voice.o(.revsh_text), (4 bytes).
    Removing voice.o(.rrx_text), (6 bytes).
    Removing voice.o(i.VoiceCheckACK), (172 bytes).
    Removing voice.o(i.Voice_GPIOInit), (112 bytes).
    Removing voice.o(i.Voice_Init), (12 bytes).
    Removing voice.o(i.Voice_UARTInit), (116 bytes).
    Removing oled.o(.rev16_text), (4 bytes).
    Removing oled.o(.revsh_text), (4 bytes).
    Removing oled.o(.rrx_text), (6 bytes).
    Removing pstwo.o(.rev16_text), (4 bytes).
    Removing pstwo.o(.revsh_text), (4 bytes).
    Removing pstwo.o(.rrx_text), (6 bytes).
    Removing pstwo.o(i.PS2_AnologData), (12 bytes).
    Removing pstwo.o(i.PS2_RedLight), (68 bytes).
    Removing pstwo.o(i.sys_now_init), (96 bytes).
    Removing sr04.o(.rev16_text), (4 bytes).
    Removing sr04.o(.revsh_text), (4 bytes).
    Removing sr04.o(.rrx_text), (6 bytes).
    Removing sr04.o(i.Sr04_GPIOInit), (76 bytes).
    Removing sr04.o(i.Sr04_Init), (12 bytes).
    Removing sr04.o(i.Sr04_Measure), (212 bytes).
    Removing sr04.o(i.Sr04_TIMInit), (78 bytes).
    Removing bc7210.o(.rev16_text), (4 bytes).
    Removing bc7210.o(.revsh_text), (4 bytes).
    Removing bc7210.o(.rrx_text), (6 bytes).
    Removing ddiv.o(.text), (222 bytes).
    Removing dfltui.o(.text), (26 bytes).
    Removing d2f.o(.text), (56 bytes).
    Removing fepilogue.o(.text), (110 bytes).
    Removing depilogue.o(.text), (186 bytes).
    Removing dadd.o(.text), (334 bytes).
    Removing dmul.o(.text), (228 bytes).
    Removing dfixul.o(.text), (48 bytes).
    Removing cdrcmple.o(.text), (48 bytes).

841 unused section(s) (total 104615 bytes) removed from the image.

==============================================================================

Image Symbol Table

    Local Symbols

    Symbol Name                              Value     Ov Type        Size  Object(Section)

    ../clib/../cmprslib/zerorunl2.c          0x00000000   Number         0  __dczerorl2.o ABSOLUTE
    ../clib/microlib/division.c              0x00000000   Number         0  uidiv.o ABSOLUTE
    ../clib/microlib/division.c              0x00000000   Number         0  uldiv.o ABSOLUTE
    ../clib/microlib/init/entry.s            0x00000000   Number         0  entry7a.o ABSOLUTE
    ../clib/microlib/init/entry.s            0x00000000   Number         0  entry11a.o ABSOLUTE
    ../clib/microlib/init/entry.s            0x00000000   Number         0  entry10b.o ABSOLUTE
    ../clib/microlib/init/entry.s            0x00000000   Number         0  entry2.o ABSOLUTE
    ../clib/microlib/init/entry.s            0x00000000   Number         0  entry5.o ABSOLUTE
    ../clib/microlib/init/entry.s            0x00000000   Number         0  entry9a.o ABSOLUTE
    ../clib/microlib/init/entry.s            0x00000000   Number         0  entry7b.o ABSOLUTE
    ../clib/microlib/init/entry.s            0x00000000   Number         0  entry8a.o ABSOLUTE
    ../clib/microlib/init/entry.s            0x00000000   Number         0  entry10a.o ABSOLUTE
    ../clib/microlib/init/entry.s            0x00000000   Number         0  entry8b.o ABSOLUTE
    ../clib/microlib/init/entry.s            0x00000000   Number         0  entry9b.o ABSOLUTE
    ../clib/microlib/init/entry.s            0x00000000   Number         0  entry11b.o ABSOLUTE
    ../clib/microlib/init/entry.s            0x00000000   Number         0  entry.o ABSOLUTE
    ../clib/microlib/longlong.c              0x00000000   Number         0  llsshr.o ABSOLUTE
    ../clib/microlib/longlong.c              0x00000000   Number         0  llushr.o ABSOLUTE
    ../clib/microlib/longlong.c              0x00000000   Number         0  llshl.o ABSOLUTE
    ../clib/microlib/printf/printf.c         0x00000000   Number         0  printf1.o ABSOLUTE
    ../clib/microlib/printf/printf.c         0x00000000   Number         0  printf8.o ABSOLUTE
    ../clib/microlib/printf/printf.c         0x00000000   Number         0  printf0.o ABSOLUTE
    ../clib/microlib/printf/printf.c         0x00000000   Number         0  printfb.o ABSOLUTE
    ../clib/microlib/printf/printf.c         0x00000000   Number         0  printf6.o ABSOLUTE
    ../clib/microlib/printf/printf.c         0x00000000   Number         0  printf5.o ABSOLUTE
    ../clib/microlib/printf/printf.c         0x00000000   Number         0  printf4.o ABSOLUTE
    ../clib/microlib/printf/printf.c         0x00000000   Number         0  printf3.o ABSOLUTE
    ../clib/microlib/printf/printf.c         0x00000000   Number         0  printf7.o ABSOLUTE
    ../clib/microlib/printf/printf.c         0x00000000   Number         0  printf2.o ABSOLUTE
    ../clib/microlib/printf/printf.c         0x00000000   Number         0  printfa.o ABSOLUTE
    ../clib/microlib/printf/stubs.s          0x00000000   Number         0  stubs.o ABSOLUTE
    ../clib/microlib/stdio/streams.c         0x00000000   Number         0  stdout.o ABSOLUTE
    ../clib/microlib/stdlib/abort.c          0x00000000   Number         0  abort.o ABSOLUTE
    ../clib/microlib/string/memcpy.c         0x00000000   Number         0  memcpyb.o ABSOLUTE
    ../clib/microlib/string/memcpy.c         0x00000000   Number         0  memcpya.o ABSOLUTE
    ../clib/microlib/string/memset.c         0x00000000   Number         0  memseta.o ABSOLUTE
    ../clib/microlib/stubs.s                 0x00000000   Number         0  iusefp.o ABSOLUTE
    ../fplib/microlib/d2f.c                  0x00000000   Number         0  d2f.o ABSOLUTE
    ../fplib/microlib/fpadd.c                0x00000000   Number         0  dadd.o ABSOLUTE
    ../fplib/microlib/fpdiv.c                0x00000000   Number         0  ddiv.o ABSOLUTE
    ../fplib/microlib/fpepilogue.c           0x00000000   Number         0  depilogue.o ABSOLUTE
    ../fplib/microlib/fpepilogue.c           0x00000000   Number         0  fepilogue.o ABSOLUTE
    ../fplib/microlib/fpfix.c                0x00000000   Number         0  dfixul.o ABSOLUTE
    ../fplib/microlib/fpflt.c                0x00000000   Number         0  dfltui.o ABSOLUTE
    ../fplib/microlib/fpmul.c                0x00000000   Number         0  dmul.o ABSOLUTE
    ..\STM32F4xx_StdPeriph_Driver\src\misc.c 0x00000000   Number         0  misc.o ABSOLUTE
    ..\STM32F4xx_StdPeriph_Driver\src\stm32f4xx_adc.c 0x00000000   Number         0  stm32f4xx_adc.o ABSOLUTE
    ..\STM32F4xx_StdPeriph_Driver\src\stm32f4xx_can.c 0x00000000   Number         0  stm32f4xx_can.o ABSOLUTE
    ..\STM32F4xx_StdPeriph_Driver\src\stm32f4xx_cec.c 0x00000000   Number         0  stm32f4xx_cec.o ABSOLUTE
    ..\STM32F4xx_StdPeriph_Driver\src\stm32f4xx_crc.c 0x00000000   Number         0  stm32f4xx_crc.o ABSOLUTE
    ..\STM32F4xx_StdPeriph_Driver\src\stm32f4xx_cryp.c 0x00000000   Number         0  stm32f4xx_cryp.o ABSOLUTE
    ..\STM32F4xx_StdPeriph_Driver\src\stm32f4xx_cryp_aes.c 0x00000000   Number         0  stm32f4xx_cryp_aes.o ABSOLUTE
    ..\STM32F4xx_StdPeriph_Driver\src\stm32f4xx_cryp_des.c 0x00000000   Number         0  stm32f4xx_cryp_des.o ABSOLUTE
    ..\STM32F4xx_StdPeriph_Driver\src\stm32f4xx_cryp_tdes.c 0x00000000   Number         0  stm32f4xx_cryp_tdes.o ABSOLUTE
    ..\STM32F4xx_StdPeriph_Driver\src\stm32f4xx_dac.c 0x00000000   Number         0  stm32f4xx_dac.o ABSOLUTE
    ..\STM32F4xx_StdPeriph_Driver\src\stm32f4xx_dbgmcu.c 0x00000000   Number         0  stm32f4xx_dbgmcu.o ABSOLUTE
    ..\STM32F4xx_StdPeriph_Driver\src\stm32f4xx_dcmi.c 0x00000000   Number         0  stm32f4xx_dcmi.o ABSOLUTE
    ..\STM32F4xx_StdPeriph_Driver\src\stm32f4xx_dfsdm.c 0x00000000   Number         0  stm32f4xx_dfsdm.o ABSOLUTE
    ..\STM32F4xx_StdPeriph_Driver\src\stm32f4xx_dma.c 0x00000000   Number         0  stm32f4xx_dma.o ABSOLUTE
    ..\STM32F4xx_StdPeriph_Driver\src\stm32f4xx_dma2d.c 0x00000000   Number         0  stm32f4xx_dma2d.o ABSOLUTE
    ..\STM32F4xx_StdPeriph_Driver\src\stm32f4xx_dsi.c 0x00000000   Number         0  stm32f4xx_dsi.o ABSOLUTE
    ..\STM32F4xx_StdPeriph_Driver\src\stm32f4xx_exti.c 0x00000000   Number         0  stm32f4xx_exti.o ABSOLUTE
    ..\STM32F4xx_StdPeriph_Driver\src\stm32f4xx_flash.c 0x00000000   Number         0  stm32f4xx_flash.o ABSOLUTE
    ..\STM32F4xx_StdPeriph_Driver\src\stm32f4xx_flash_ramfunc.c 0x00000000   Number         0  stm32f4xx_flash_ramfunc.o ABSOLUTE
    ..\STM32F4xx_StdPeriph_Driver\src\stm32f4xx_fmpi2c.c 0x00000000   Number         0  stm32f4xx_fmpi2c.o ABSOLUTE
    ..\STM32F4xx_StdPeriph_Driver\src\stm32f4xx_fsmc.c 0x00000000   Number         0  stm32f4xx_fsmc.o ABSOLUTE
    ..\STM32F4xx_StdPeriph_Driver\src\stm32f4xx_gpio.c 0x00000000   Number         0  stm32f4xx_gpio.o ABSOLUTE
    ..\STM32F4xx_StdPeriph_Driver\src\stm32f4xx_hash.c 0x00000000   Number         0  stm32f4xx_hash.o ABSOLUTE
    ..\STM32F4xx_StdPeriph_Driver\src\stm32f4xx_hash_md5.c 0x00000000   Number         0  stm32f4xx_hash_md5.o ABSOLUTE
    ..\STM32F4xx_StdPeriph_Driver\src\stm32f4xx_hash_sha1.c 0x00000000   Number         0  stm32f4xx_hash_sha1.o ABSOLUTE
    ..\STM32F4xx_StdPeriph_Driver\src\stm32f4xx_i2c.c 0x00000000   Number         0  stm32f4xx_i2c.o ABSOLUTE
    ..\STM32F4xx_StdPeriph_Driver\src\stm32f4xx_iwdg.c 0x00000000   Number         0  stm32f4xx_iwdg.o ABSOLUTE
    ..\STM32F4xx_StdPeriph_Driver\src\stm32f4xx_lptim.c 0x00000000   Number         0  stm32f4xx_lptim.o ABSOLUTE
    ..\STM32F4xx_StdPeriph_Driver\src\stm32f4xx_ltdc.c 0x00000000   Number         0  stm32f4xx_ltdc.o ABSOLUTE
    ..\STM32F4xx_StdPeriph_Driver\src\stm32f4xx_pwr.c 0x00000000   Number         0  stm32f4xx_pwr.o ABSOLUTE
    ..\STM32F4xx_StdPeriph_Driver\src\stm32f4xx_qspi.c 0x00000000   Number         0  stm32f4xx_qspi.o ABSOLUTE
    ..\STM32F4xx_StdPeriph_Driver\src\stm32f4xx_rcc.c 0x00000000   Number         0  stm32f4xx_rcc.o ABSOLUTE
    ..\STM32F4xx_StdPeriph_Driver\src\stm32f4xx_rng.c 0x00000000   Number         0  stm32f4xx_rng.o ABSOLUTE
    ..\STM32F4xx_StdPeriph_Driver\src\stm32f4xx_rtc.c 0x00000000   Number         0  stm32f4xx_rtc.o ABSOLUTE
    ..\STM32F4xx_StdPeriph_Driver\src\stm32f4xx_sai.c 0x00000000   Number         0  stm32f4xx_sai.o ABSOLUTE
    ..\STM32F4xx_StdPeriph_Driver\src\stm32f4xx_sdio.c 0x00000000   Number         0  stm32f4xx_sdio.o ABSOLUTE
    ..\STM32F4xx_StdPeriph_Driver\src\stm32f4xx_spdifrx.c 0x00000000   Number         0  stm32f4xx_spdifrx.o ABSOLUTE
    ..\STM32F4xx_StdPeriph_Driver\src\stm32f4xx_spi.c 0x00000000   Number         0  stm32f4xx_spi.o ABSOLUTE
    ..\STM32F4xx_StdPeriph_Driver\src\stm32f4xx_syscfg.c 0x00000000   Number         0  stm32f4xx_syscfg.o ABSOLUTE
    ..\STM32F4xx_StdPeriph_Driver\src\stm32f4xx_tim.c 0x00000000   Number         0  stm32f4xx_tim.o ABSOLUTE
    ..\STM32F4xx_StdPeriph_Driver\src\stm32f4xx_usart.c 0x00000000   Number         0  stm32f4xx_usart.o ABSOLUTE
    ..\STM32F4xx_StdPeriph_Driver\src\stm32f4xx_wwdg.c 0x00000000   Number         0  stm32f4xx_wwdg.o ABSOLUTE
    ..\STM32F4xx_StdPeriph_Driver\startup_stm32f40_41xxx.s 0x00000000   Number         0  startup_stm32f40_41xxx.o ABSOLUTE
    ..\STM32F4xx_StdPeriph_Driver\system_stm32f4xx.c 0x00000000   Number         0  system_stm32f4xx.o ABSOLUTE
    ..\User\src\bc7210.c                     0x00000000   Number         0  bc7210.o ABSOLUTE
    ..\User\src\gpio.c                       0x00000000   Number         0  gpio.o ABSOLUTE
    ..\User\src\main.c                       0x00000000   Number         0  main.o ABSOLUTE
    ..\User\src\motor.c                      0x00000000   Number         0  motor.o ABSOLUTE
    ..\User\src\oled.c                       0x00000000   Number         0  oled.o ABSOLUTE
    ..\User\src\pstwo.c                      0x00000000   Number         0  pstwo.o ABSOLUTE
    ..\User\src\sr04.c                       0x00000000   Number         0  sr04.o ABSOLUTE
    ..\User\src\timer.c                      0x00000000   Number         0  timer.o ABSOLUTE
    ..\User\src\usart.c                      0x00000000   Number         0  usart.o ABSOLUTE
    ..\User\src\voice.c                      0x00000000   Number         0  voice.o ABSOLUTE
    ..\\STM32F4xx_StdPeriph_Driver\\src\\misc.c 0x00000000   Number         0  misc.o ABSOLUTE
    ..\\STM32F4xx_StdPeriph_Driver\\src\\stm32f4xx_adc.c 0x00000000   Number         0  stm32f4xx_adc.o ABSOLUTE
    ..\\STM32F4xx_StdPeriph_Driver\\src\\stm32f4xx_can.c 0x00000000   Number         0  stm32f4xx_can.o ABSOLUTE
    ..\\STM32F4xx_StdPeriph_Driver\\src\\stm32f4xx_cec.c 0x00000000   Number         0  stm32f4xx_cec.o ABSOLUTE
    ..\\STM32F4xx_StdPeriph_Driver\\src\\stm32f4xx_crc.c 0x00000000   Number         0  stm32f4xx_crc.o ABSOLUTE
    ..\\STM32F4xx_StdPeriph_Driver\\src\\stm32f4xx_cryp.c 0x00000000   Number         0  stm32f4xx_cryp.o ABSOLUTE
    ..\\STM32F4xx_StdPeriph_Driver\\src\\stm32f4xx_cryp_aes.c 0x00000000   Number         0  stm32f4xx_cryp_aes.o ABSOLUTE
    ..\\STM32F4xx_StdPeriph_Driver\\src\\stm32f4xx_cryp_des.c 0x00000000   Number         0  stm32f4xx_cryp_des.o ABSOLUTE
    ..\\STM32F4xx_StdPeriph_Driver\\src\\stm32f4xx_cryp_tdes.c 0x00000000   Number         0  stm32f4xx_cryp_tdes.o ABSOLUTE
    ..\\STM32F4xx_StdPeriph_Driver\\src\\stm32f4xx_dac.c 0x00000000   Number         0  stm32f4xx_dac.o ABSOLUTE
    ..\\STM32F4xx_StdPeriph_Driver\\src\\stm32f4xx_dbgmcu.c 0x00000000   Number         0  stm32f4xx_dbgmcu.o ABSOLUTE
    ..\\STM32F4xx_StdPeriph_Driver\\src\\stm32f4xx_dcmi.c 0x00000000   Number         0  stm32f4xx_dcmi.o ABSOLUTE
    ..\\STM32F4xx_StdPeriph_Driver\\src\\stm32f4xx_dfsdm.c 0x00000000   Number         0  stm32f4xx_dfsdm.o ABSOLUTE
    ..\\STM32F4xx_StdPeriph_Driver\\src\\stm32f4xx_dma.c 0x00000000   Number         0  stm32f4xx_dma.o ABSOLUTE
    ..\\STM32F4xx_StdPeriph_Driver\\src\\stm32f4xx_dma2d.c 0x00000000   Number         0  stm32f4xx_dma2d.o ABSOLUTE
    ..\\STM32F4xx_StdPeriph_Driver\\src\\stm32f4xx_dsi.c 0x00000000   Number         0  stm32f4xx_dsi.o ABSOLUTE
    ..\\STM32F4xx_StdPeriph_Driver\\src\\stm32f4xx_exti.c 0x00000000   Number         0  stm32f4xx_exti.o ABSOLUTE
    ..\\STM32F4xx_StdPeriph_Driver\\src\\stm32f4xx_flash.c 0x00000000   Number         0  stm32f4xx_flash.o ABSOLUTE
    ..\\STM32F4xx_StdPeriph_Driver\\src\\stm32f4xx_flash_ramfunc.c 0x00000000   Number         0  stm32f4xx_flash_ramfunc.o ABSOLUTE
    ..\\STM32F4xx_StdPeriph_Driver\\src\\stm32f4xx_fmpi2c.c 0x00000000   Number         0  stm32f4xx_fmpi2c.o ABSOLUTE
    ..\\STM32F4xx_StdPeriph_Driver\\src\\stm32f4xx_fsmc.c 0x00000000   Number         0  stm32f4xx_fsmc.o ABSOLUTE
    ..\\STM32F4xx_StdPeriph_Driver\\src\\stm32f4xx_gpio.c 0x00000000   Number         0  stm32f4xx_gpio.o ABSOLUTE
    ..\\STM32F4xx_StdPeriph_Driver\\src\\stm32f4xx_hash.c 0x00000000   Number         0  stm32f4xx_hash.o ABSOLUTE
    ..\\STM32F4xx_StdPeriph_Driver\\src\\stm32f4xx_hash_md5.c 0x00000000   Number         0  stm32f4xx_hash_md5.o ABSOLUTE
    ..\\STM32F4xx_StdPeriph_Driver\\src\\stm32f4xx_hash_sha1.c 0x00000000   Number         0  stm32f4xx_hash_sha1.o ABSOLUTE
    ..\\STM32F4xx_StdPeriph_Driver\\src\\stm32f4xx_i2c.c 0x00000000   Number         0  stm32f4xx_i2c.o ABSOLUTE
    ..\\STM32F4xx_StdPeriph_Driver\\src\\stm32f4xx_iwdg.c 0x00000000   Number         0  stm32f4xx_iwdg.o ABSOLUTE
    ..\\STM32F4xx_StdPeriph_Driver\\src\\stm32f4xx_lptim.c 0x00000000   Number         0  stm32f4xx_lptim.o ABSOLUTE
    ..\\STM32F4xx_StdPeriph_Driver\\src\\stm32f4xx_ltdc.c 0x00000000   Number         0  stm32f4xx_ltdc.o ABSOLUTE
    ..\\STM32F4xx_StdPeriph_Driver\\src\\stm32f4xx_pwr.c 0x00000000   Number         0  stm32f4xx_pwr.o ABSOLUTE
    ..\\STM32F4xx_StdPeriph_Driver\\src\\stm32f4xx_qspi.c 0x00000000   Number         0  stm32f4xx_qspi.o ABSOLUTE
    ..\\STM32F4xx_StdPeriph_Driver\\src\\stm32f4xx_rcc.c 0x00000000   Number         0  stm32f4xx_rcc.o ABSOLUTE
    ..\\STM32F4xx_StdPeriph_Driver\\src\\stm32f4xx_rng.c 0x00000000   Number         0  stm32f4xx_rng.o ABSOLUTE
    ..\\STM32F4xx_StdPeriph_Driver\\src\\stm32f4xx_rtc.c 0x00000000   Number         0  stm32f4xx_rtc.o ABSOLUTE
    ..\\STM32F4xx_StdPeriph_Driver\\src\\stm32f4xx_sai.c 0x00000000   Number         0  stm32f4xx_sai.o ABSOLUTE
    ..\\STM32F4xx_StdPeriph_Driver\\src\\stm32f4xx_sdio.c 0x00000000   Number         0  stm32f4xx_sdio.o ABSOLUTE
    ..\\STM32F4xx_StdPeriph_Driver\\src\\stm32f4xx_spdifrx.c 0x00000000   Number         0  stm32f4xx_spdifrx.o ABSOLUTE
    ..\\STM32F4xx_StdPeriph_Driver\\src\\stm32f4xx_spi.c 0x00000000   Number         0  stm32f4xx_spi.o ABSOLUTE
    ..\\STM32F4xx_StdPeriph_Driver\\src\\stm32f4xx_syscfg.c 0x00000000   Number         0  stm32f4xx_syscfg.o ABSOLUTE
    ..\\STM32F4xx_StdPeriph_Driver\\src\\stm32f4xx_tim.c 0x00000000   Number         0  stm32f4xx_tim.o ABSOLUTE
    ..\\STM32F4xx_StdPeriph_Driver\\src\\stm32f4xx_usart.c 0x00000000   Number         0  stm32f4xx_usart.o ABSOLUTE
    ..\\STM32F4xx_StdPeriph_Driver\\src\\stm32f4xx_wwdg.c 0x00000000   Number         0  stm32f4xx_wwdg.o ABSOLUTE
    ..\\STM32F4xx_StdPeriph_Driver\\system_stm32f4xx.c 0x00000000   Number         0  system_stm32f4xx.o ABSOLUTE
    ..\\User\\src\\bc7210.c                  0x00000000   Number         0  bc7210.o ABSOLUTE
    ..\\User\\src\\gpio.c                    0x00000000   Number         0  gpio.o ABSOLUTE
    ..\\User\\src\\main.c                    0x00000000   Number         0  main.o ABSOLUTE
    ..\\User\\src\\motor.c                   0x00000000   Number         0  motor.o ABSOLUTE
    ..\\User\\src\\oled.c                    0x00000000   Number         0  oled.o ABSOLUTE
    ..\\User\\src\\pstwo.c                   0x00000000   Number         0  pstwo.o ABSOLUTE
    ..\\User\\src\\sr04.c                    0x00000000   Number         0  sr04.o ABSOLUTE
    ..\\User\\src\\timer.c                   0x00000000   Number         0  timer.o ABSOLUTE
    ..\\User\\src\\usart.c                   0x00000000   Number         0  usart.o ABSOLUTE
    ..\\User\\src\\voice.c                   0x00000000   Number         0  voice.o ABSOLUTE
    cdrcmple.s                               0x00000000   Number         0  cdrcmple.o ABSOLUTE
    dc.s                                     0x00000000   Number         0  dc.o ABSOLUTE
    handlers.s                               0x00000000   Number         0  handlers.o ABSOLUTE
    init.s                                   0x00000000   Number         0  init.o ABSOLUTE
    RESET                                    0x08000000   Section      392  startup_stm32f40_41xxx.o(RESET)
    .ARM.Collect$$$$00000000                 0x08000188   Section        0  entry.o(.ARM.Collect$$$$00000000)
    .ARM.Collect$$$$00000001                 0x08000188   Section        4  entry2.o(.ARM.Collect$$$$00000001)
    .ARM.Collect$$$$00000004                 0x0800018c   Section        4  entry5.o(.ARM.Collect$$$$00000004)
    .ARM.Collect$$$$00000008                 0x08000190   Section        0  entry7b.o(.ARM.Collect$$$$00000008)
    .ARM.Collect$$$$0000000A                 0x08000190   Section        0  entry8b.o(.ARM.Collect$$$$0000000A)
    .ARM.Collect$$$$0000000B                 0x08000190   Section        8  entry9a.o(.ARM.Collect$$$$0000000B)
    .ARM.Collect$$$$0000000D                 0x08000198   Section        0  entry10a.o(.ARM.Collect$$$$0000000D)
    .ARM.Collect$$$$0000000F                 0x08000198   Section        0  entry11a.o(.ARM.Collect$$$$0000000F)
    .ARM.Collect$$$$00002712                 0x08000198   Section        4  entry2.o(.ARM.Collect$$$$00002712)
    __lit__00000000                          0x08000198   Data           4  entry2.o(.ARM.Collect$$$$00002712)
    .text                                    0x0800019c   Section       36  startup_stm32f40_41xxx.o(.text)
    $v0                                      0x0800019c   Number         0  startup_stm32f40_41xxx.o(.text)
    .text                                    0x080001c0   Section        0  memcpya.o(.text)
    .text                                    0x080001e4   Section        0  memseta.o(.text)
    .text                                    0x08000208   Section        0  uidiv.o(.text)
    .text                                    0x08000234   Section       36  init.o(.text)
    .text                                    0x08000258   Section        0  __dczerorl2.o(.text)
    i.Bc7210_GPIOInit                        0x080002b0   Section        0  bc7210.o(i.Bc7210_GPIOInit)
    Bc7210_GPIOInit                          0x080002b1   Thumb Code   116  bc7210.o(i.Bc7210_GPIOInit)
    i.Bc7210_Init                            0x0800032c   Section        0  bc7210.o(i.Bc7210_Init)
    i.Bc7210_SPIInit                         0x08000338   Section        0  bc7210.o(i.Bc7210_SPIInit)
    Bc7210_SPIInit                           0x08000339   Thumb Code   126  bc7210.o(i.Bc7210_SPIInit)
    i.DoSum                                  0x080003bc   Section        0  voice.o(i.DoSum)
    DoSum                                    0x080003bd   Thumb Code    40  voice.o(i.DoSum)
    i.GPIO_Init                              0x080003e4   Section        0  stm32f4xx_gpio.o(i.GPIO_Init)
    i.GPIO_PinAFConfig                       0x080005a4   Section        0  stm32f4xx_gpio.o(i.GPIO_PinAFConfig)
    i.GPIO_ReadInputDataBit                  0x08000764   Section        0  stm32f4xx_gpio.o(i.GPIO_ReadInputDataBit)
    i.GPIO_ResetBits                         0x08000888   Section        0  stm32f4xx_gpio.o(i.GPIO_ResetBits)
    i.GPIO_SetBits                           0x08000950   Section        0  stm32f4xx_gpio.o(i.GPIO_SetBits)
    i.HardFault_Handler                      0x08000a18   Section        0  main.o(i.HardFault_Handler)
    i.IR_DataKey                             0x08000a34   Section        0  bc7210.o(i.IR_DataKey)
    i.InfraredControl                        0x08000ab4   Section        0  bc7210.o(i.InfraredControl)
    i.Key_Init                               0x08000bb4   Section        0  gpio.o(i.Key_Init)
    i.Led_Init                               0x08000bf0   Section        0  gpio.o(i.Led_Init)
    i.Motor_Backward                         0x08000c40   Section        0  motor.o(i.Motor_Backward)
    i.Motor_Forward                          0x08000cac   Section        0  motor.o(i.Motor_Forward)
    i.Motor_GPIOInit                         0x08000d18   Section        0  motor.o(i.Motor_GPIOInit)
    i.Motor_Init                             0x08000d90   Section        0  motor.o(i.Motor_Init)
    i.Motor_MoveLeft                         0x08000db8   Section        0  motor.o(i.Motor_MoveLeft)
    i.Motor_MoveRight                        0x08000e24   Section        0  motor.o(i.Motor_MoveRight)
    i.Motor_PwmInit                          0x08000e90   Section        0  motor.o(i.Motor_PwmInit)
    i.Motor_SetSpeed                         0x08000fd0   Section        0  motor.o(i.Motor_SetSpeed)
    i.Motor_SpinLeft                         0x0800109c   Section        0  motor.o(i.Motor_SpinLeft)
    i.Motor_SpinRight                        0x08001108   Section        0  motor.o(i.Motor_SpinRight)
    i.Motor_Stop                             0x08001174   Section        0  motor.o(i.Motor_Stop)
    i.Motor_TurnLeft                         0x080011e0   Section        0  motor.o(i.Motor_TurnLeft)
    i.Motor_TurnRight                        0x0800124c   Section        0  motor.o(i.Motor_TurnRight)
    i.NVIC_Init                              0x080012b8   Section        0  misc.o(i.NVIC_Init)
    i.NVIC_PriorityGroupConfig               0x08001394   Section        0  misc.o(i.NVIC_PriorityGroupConfig)
    i.OLED_Clear                             0x08001400   Section        0  oled.o(i.OLED_Clear)
    i.OLED_DrawBMP                           0x08001426   Section        0  oled.o(i.OLED_DrawBMP)
    i.OLED_GPIOInit                          0x08001470   Section        0  oled.o(i.OLED_GPIOInit)
    OLED_GPIOInit                            0x08001471   Thumb Code   134  oled.o(i.OLED_GPIOInit)
    i.OLED_Init                              0x08001500   Section        0  oled.o(i.OLED_Init)
    i.OLED_SPIInit                           0x080015e4   Section        0  oled.o(i.OLED_SPIInit)
    OLED_SPIInit                             0x080015e5   Thumb Code    94  oled.o(i.OLED_SPIInit)
    i.OLED_Setpos                            0x08001648   Section        0  oled.o(i.OLED_Setpos)
    OLED_Setpos                              0x08001649   Thumb Code    38  oled.o(i.OLED_Setpos)
    i.OLED_WR_Com                            0x08001670   Section        0  oled.o(i.OLED_WR_Com)
    OLED_WR_Com                              0x08001671   Thumb Code    54  oled.o(i.OLED_WR_Com)
    i.OLED_WR_Dat                            0x080016ac   Section        0  oled.o(i.OLED_WR_Dat)
    OLED_WR_Dat                              0x080016ad   Thumb Code    54  oled.o(i.OLED_WR_Dat)
    i.OledDisplayAscii                       0x080016e8   Section        0  oled.o(i.OledDisplayAscii)
    OledDisplayAscii                         0x080016e9   Thumb Code    80  oled.o(i.OledDisplayAscii)
    i.OledDisplayChinese                     0x0800173c   Section        0  oled.o(i.OledDisplayChinese)
    i.OledDisplayString                      0x080017c4   Section        0  oled.o(i.OledDisplayString)
    i.PS2_ClearData                          0x0800181c   Section        0  pstwo.o(i.PS2_ClearData)
    PS2_ClearData                            0x0800181d   Thumb Code    20  pstwo.o(i.PS2_ClearData)
    i.PS2_Cmd                                0x08001834   Section        0  pstwo.o(i.PS2_Cmd)
    PS2_Cmd                                  0x08001835   Thumb Code   148  pstwo.o(i.PS2_Cmd)
    i.PS2_DataKey                            0x080018d0   Section        0  pstwo.o(i.PS2_DataKey)
    i.PS2_Init                               0x0800195c   Section        0  pstwo.o(i.PS2_Init)
    i.PS2_ReadData                           0x080019c8   Section        0  pstwo.o(i.PS2_ReadData)
    PS2_ReadData                             0x080019c9   Thumb Code   180  pstwo.o(i.PS2_ReadData)
    i.PstwoControl                           0x08001a88   Section        0  pstwo.o(i.PstwoControl)
    i.RCC_AHB1PeriphClockCmd                 0x08001b70   Section        0  stm32f4xx_rcc.o(i.RCC_AHB1PeriphClockCmd)
    i.RCC_APB1PeriphClockCmd                 0x08001bf4   Section        0  stm32f4xx_rcc.o(i.RCC_APB1PeriphClockCmd)
    i.RCC_APB2PeriphClockCmd                 0x08001c74   Section        0  stm32f4xx_rcc.o(i.RCC_APB2PeriphClockCmd)
    i.RCC_GetClocksFreq                      0x08001cf8   Section        0  stm32f4xx_rcc.o(i.RCC_GetClocksFreq)
    i.RGBLed_Init                            0x08001de0   Section        0  gpio.o(i.RGBLed_Init)
    i.SPI3_IRQHandler                        0x08001e54   Section        0  bc7210.o(i.SPI3_IRQHandler)
    i.SPI_Cmd                                0x08001e94   Section        0  stm32f4xx_spi.o(i.SPI_Cmd)
    i.SPI_I2S_GetFlagStatus                  0x08001f40   Section        0  stm32f4xx_spi.o(i.SPI_I2S_GetFlagStatus)
    i.SPI_I2S_GetITStatus                    0x08002018   Section        0  stm32f4xx_spi.o(i.SPI_I2S_GetITStatus)
    i.SPI_I2S_ITConfig                       0x08002110   Section        0  stm32f4xx_spi.o(i.SPI_I2S_ITConfig)
    i.SPI_I2S_ReceiveData                    0x080021f8   Section        0  stm32f4xx_spi.o(i.SPI_I2S_ReceiveData)
    i.SPI_I2S_SendData                       0x0800228c   Section        0  stm32f4xx_spi.o(i.SPI_I2S_SendData)
    i.SPI_Init                               0x08002324   Section        0  stm32f4xx_spi.o(i.SPI_Init)
    i.SPI_WiteByte                           0x080024e0   Section        0  oled.o(i.SPI_WiteByte)
    SPI_WiteByte                             0x080024e1   Thumb Code    44  oled.o(i.SPI_WiteByte)
    i.SetSysClock                            0x08002510   Section        0  system_stm32f4xx.o(i.SetSysClock)
    SetSysClock                              0x08002511   Thumb Code   220  system_stm32f4xx.o(i.SetSysClock)
    i.SystemInit                             0x080025fc   Section        0  system_stm32f4xx.o(i.SystemInit)
    i.TIM6_Delay_Init                        0x08002664   Section        0  timer.o(i.TIM6_Delay_Init)
    i.TIM_ARRPreloadConfig                   0x080026b8   Section        0  stm32f4xx_tim.o(i.TIM_ARRPreloadConfig)
    i.TIM_ClearFlag                          0x080027b0   Section        0  stm32f4xx_tim.o(i.TIM_ClearFlag)
    i.TIM_Cmd                                0x08002884   Section        0  stm32f4xx_tim.o(i.TIM_Cmd)
    i.TIM_GenerateEvent                      0x0800297c   Section        0  stm32f4xx_tim.o(i.TIM_GenerateEvent)
    i.TIM_GetFlagStatus                      0x08002a64   Section        0  stm32f4xx_tim.o(i.TIM_GetFlagStatus)
    i.TIM_OC1Init                            0x08002b88   Section        0  stm32f4xx_tim.o(i.TIM_OC1Init)
    i.TIM_OC1PreloadConfig                   0x08002d78   Section        0  stm32f4xx_tim.o(i.TIM_OC1PreloadConfig)
    i.TIM_OC2Init                            0x08002e54   Section        0  stm32f4xx_tim.o(i.TIM_OC2Init)
    i.TIM_OC2PreloadConfig                   0x08003044   Section        0  stm32f4xx_tim.o(i.TIM_OC2PreloadConfig)
    i.TIM_OC3Init                            0x08003100   Section        0  stm32f4xx_tim.o(i.TIM_OC3Init)
    i.TIM_OC3PreloadConfig                   0x080032d8   Section        0  stm32f4xx_tim.o(i.TIM_OC3PreloadConfig)
    i.TIM_OC4Init                            0x08003378   Section        0  stm32f4xx_tim.o(i.TIM_OC4Init)
    i.TIM_OC4PreloadConfig                   0x080034e4   Section        0  stm32f4xx_tim.o(i.TIM_OC4PreloadConfig)
    i.TIM_PrescalerConfig                    0x0800358c   Section        0  stm32f4xx_tim.o(i.TIM_PrescalerConfig)
    i.TIM_SelectOnePulseMode                 0x08003674   Section        0  stm32f4xx_tim.o(i.TIM_SelectOnePulseMode)
    i.TIM_SetAutoreload                      0x08003768   Section        0  stm32f4xx_tim.o(i.TIM_SetAutoreload)
    i.TIM_SetCompare1                        0x0800383c   Section        0  stm32f4xx_tim.o(i.TIM_SetCompare1)
    i.TIM_SetCompare2                        0x080038fc   Section        0  stm32f4xx_tim.o(i.TIM_SetCompare2)
    i.TIM_SetCompare3                        0x08003994   Section        0  stm32f4xx_tim.o(i.TIM_SetCompare3)
    i.TIM_SetCompare4                        0x08003a18   Section        0  stm32f4xx_tim.o(i.TIM_SetCompare4)
    i.TIM_TimeBaseInit                       0x08003a9c   Section        0  stm32f4xx_tim.o(i.TIM_TimeBaseInit)
    i.TIM_UpdateDisableConfig                0x08003c1c   Section        0  stm32f4xx_tim.o(i.TIM_UpdateDisableConfig)
    i.TIM_UpdateRequestConfig                0x08003d14   Section        0  stm32f4xx_tim.o(i.TIM_UpdateRequestConfig)
    i.Tim6_Delay_ms                          0x08003e0c   Section        0  timer.o(i.Tim6_Delay_ms)
    i.Tim6_Delay_us                          0x08003e64   Section        0  timer.o(i.Tim6_Delay_us)
    i.USART3_IRQHandler                      0x08003eb8   Section        0  voice.o(i.USART3_IRQHandler)
    i.USART_ClearITPendingBit                0x08003f1c   Section        0  stm32f4xx_usart.o(i.USART_ClearITPendingBit)
    i.USART_Cmd                              0x08004034   Section        0  stm32f4xx_usart.o(i.USART_Cmd)
    i.USART_GetFlagStatus                    0x08004108   Section        0  stm32f4xx_usart.o(i.USART_GetFlagStatus)
    i.USART_GetITStatus                      0x08004228   Section        0  stm32f4xx_usart.o(i.USART_GetITStatus)
    i.USART_Init                             0x080043b4   Section        0  stm32f4xx_usart.o(i.USART_Init)
    i.USART_ReceiveData                      0x08004600   Section        0  stm32f4xx_usart.o(i.USART_ReceiveData)
    i.USART_SendData                         0x080046b0   Section        0  stm32f4xx_usart.o(i.USART_SendData)
    i.USART_StructInit                       0x08004774   Section        0  stm32f4xx_usart.o(i.USART_StructInit)
    i.VoiceSendCMD                           0x0800478c   Section        0  voice.o(i.VoiceSendCMD)
    i.__0printf$3                            0x080047f4   Section        0  printf3.o(i.__0printf$3)
    i.__scatterload_copy                     0x08004814   Section       14  handlers.o(i.__scatterload_copy)
    i.__scatterload_null                     0x08004822   Section        2  handlers.o(i.__scatterload_null)
    i.__scatterload_zeroinit                 0x08004824   Section       14  handlers.o(i.__scatterload_zeroinit)
    i._printf_core                           0x08004834   Section        0  printf3.o(i._printf_core)
    _printf_core                             0x08004835   Thumb Code   436  printf3.o(i._printf_core)
    i.assert_failed                          0x080049ec   Section        0  main.o(i.assert_failed)
    i.fputc                                  0x08004a20   Section        0  usart.o(i.fputc)
    i.main                                   0x08004a30   Section        0  main.o(i.main)
    i.oled_setpos                            0x08004b00   Section        0  oled.o(i.oled_setpos)
    i.sys_now                                0x08004b2c   Section        0  pstwo.o(i.sys_now)
    i.usart_init                             0x08004b38   Section        0  usart.o(i.usart_init)
    i.usart_sendbyte                         0x08004bbc   Section        0  usart.o(i.usart_sendbyte)
    usart_sendbyte                           0x08004bbd   Thumb Code    28  usart.o(i.usart_sendbyte)
    .constdata                               0x08004bdc   Section       62  main.o(.constdata)
    __FUNCTION__                             0x08004c0c   Data          14  main.o(.constdata)
    .constdata                               0x08004c1a   Section       15  motor.o(.constdata)
    __FUNCTION__                             0x08004c1a   Data          15  motor.o(.constdata)
    .constdata                               0x08004c29   Section     1945  oled.o(.constdata)
    .conststring                             0x080053c4   Section       38  main.o(.conststring)
    .data                                    0x20000000   Section       16  stm32f4xx_rcc.o(.data)
    APBAHBPrescTable                         0x20000000   Data          16  stm32f4xx_rcc.o(.data)
    .data                                    0x20000010   Section     1408  main.o(.data)
    .data                                    0x20000590   Section        2  voice.o(.data)
    rcvCount                                 0x20000590   Data           1  voice.o(.data)
    voiceAck                                 0x20000591   Data           1  voice.o(.data)
    .data                                    0x20000594   Section       41  pstwo.o(.data)
    Handkey                                  0x20000594   Data           2  pstwo.o(.data)
    PS2_Comd                                 0x20000596   Data           2  pstwo.o(.data)
    PS2_MASK                                 0x20000598   Data          32  pstwo.o(.data)
    sys_ticks                                0x200005b8   Data           4  pstwo.o(.data)
    first_press                              0x200005bc   Data           1  pstwo.o(.data)
    .data                                    0x200005bd   Section        7  bc7210.o(.data)
    key_value                                0x200005c2   Data           1  bc7210.o(.data)
    key_flag                                 0x200005c3   Data           1  bc7210.o(.data)
    .data                                    0x200005c4   Section        4  stdout.o(.data)
    .bss                                     0x200005c8   Section       20  voice.o(.bss)
    sndBuf                                   0x200005c8   Data          10  voice.o(.bss)
    rcvBuf                                   0x200005d2   Data          10  voice.o(.bss)
    .bss                                     0x200005dc   Section       59  pstwo.o(.bss)
    PS2_Data                                 0x200005dc   Data           9  pstwo.o(.bss)
    STACK                                    0x20000618   Section    24576  startup_stm32f40_41xxx.o(STACK)

    Global Symbols

    Symbol Name                              Value     Ov Type        Size  Object(Section)

    BuildAttributes$$THM_ISAv4$E$P$D$K$B$S$7EM$VFPi3$EXTD16$VFPS$VFMA$PE$A:L22UL41UL21$X:L11$S22US41US21$IEEE1$IW$USESV6$~STKCKD$USESV7$~SHL$OTIME$ROPI$EBA8$MICROLIB$REQ8$PRES8$EABIv2 0x00000000   Number         0  anon$$obj.o ABSOLUTE
    __ARM_use_no_argv                        0x00000000   Number         0  main.o ABSOLUTE
    _printf_a                                0x00000000   Number         0  stubs.o ABSOLUTE
    _printf_c                                0x00000000   Number         0  stubs.o ABSOLUTE
    _printf_charcount                        0x00000000   Number         0  stubs.o ABSOLUTE
    _printf_d                                0x00000000   Number         0  stubs.o ABSOLUTE
    _printf_e                                0x00000000   Number         0  stubs.o ABSOLUTE
    _printf_f                                0x00000000   Number         0  stubs.o ABSOLUTE
    _printf_flags                            0x00000000   Number         0  stubs.o ABSOLUTE
    _printf_fp_dec                           0x00000000   Number         0  stubs.o ABSOLUTE
    _printf_fp_hex                           0x00000000   Number         0  stubs.o ABSOLUTE
    _printf_g                                0x00000000   Number         0  stubs.o ABSOLUTE
    _printf_i                                0x00000000   Number         0  stubs.o ABSOLUTE
    _printf_int_dec                          0x00000000   Number         0  stubs.o ABSOLUTE
    _printf_l                                0x00000000   Number         0  stubs.o ABSOLUTE
    _printf_lc                               0x00000000   Number         0  stubs.o ABSOLUTE
    _printf_ll                               0x00000000   Number         0  stubs.o ABSOLUTE
    _printf_lld                              0x00000000   Number         0  stubs.o ABSOLUTE
    _printf_lli                              0x00000000   Number         0  stubs.o ABSOLUTE
    _printf_llo                              0x00000000   Number         0  stubs.o ABSOLUTE
    _printf_llu                              0x00000000   Number         0  stubs.o ABSOLUTE
    _printf_llx                              0x00000000   Number         0  stubs.o ABSOLUTE
    _printf_longlong_dec                     0x00000000   Number         0  stubs.o ABSOLUTE
    _printf_longlong_hex                     0x00000000   Number         0  stubs.o ABSOLUTE
    _printf_longlong_oct                     0x00000000   Number         0  stubs.o ABSOLUTE
    _printf_ls                               0x00000000   Number         0  stubs.o ABSOLUTE
    _printf_mbtowc                           0x00000000   Number         0  stubs.o ABSOLUTE
    _printf_n                                0x00000000   Number         0  stubs.o ABSOLUTE
    _printf_o                                0x00000000   Number         0  stubs.o ABSOLUTE
    _printf_p                                0x00000000   Number         0  stubs.o ABSOLUTE
    _printf_percent                          0x00000000   Number         0  stubs.o ABSOLUTE
    _printf_pre_padding                      0x00000000   Number         0  stubs.o ABSOLUTE
    _printf_return_value                     0x00000000   Number         0  stubs.o ABSOLUTE
    _printf_s                                0x00000000   Number         0  stubs.o ABSOLUTE
    _printf_sizespec                         0x00000000   Number         0  stubs.o ABSOLUTE
    _printf_str                              0x00000000   Number         0  stubs.o ABSOLUTE
    _printf_truncate_signed                  0x00000000   Number         0  stubs.o ABSOLUTE
    _printf_truncate_unsigned                0x00000000   Number         0  stubs.o ABSOLUTE
    _printf_u                                0x00000000   Number         0  stubs.o ABSOLUTE
    _printf_wc                               0x00000000   Number         0  stubs.o ABSOLUTE
    _printf_wctomb                           0x00000000   Number         0  stubs.o ABSOLUTE
    _printf_widthprec                        0x00000000   Number         0  stubs.o ABSOLUTE
    _printf_x                                0x00000000   Number         0  stubs.o ABSOLUTE
    __cpp_initialize__aeabi_                  - Undefined Weak Reference
    __cxa_finalize                            - Undefined Weak Reference
    _clock_init                               - Undefined Weak Reference
    _microlib_exit                            - Undefined Weak Reference
    __Vectors_Size                           0x00000188   Number         0  startup_stm32f40_41xxx.o ABSOLUTE
    __Vectors                                0x08000000   Data           4  startup_stm32f40_41xxx.o(RESET)
    __Vectors_End                            0x08000188   Data           0  startup_stm32f40_41xxx.o(RESET)
    __main                                   0x08000189   Thumb Code     0  entry.o(.ARM.Collect$$$$00000000)
    _main_stk                                0x08000189   Thumb Code     0  entry2.o(.ARM.Collect$$$$00000001)
    _main_scatterload                        0x0800018d   Thumb Code     0  entry5.o(.ARM.Collect$$$$00000004)
    __main_after_scatterload                 0x08000191   Thumb Code     0  entry5.o(.ARM.Collect$$$$00000004)
    _main_clock                              0x08000191   Thumb Code     0  entry7b.o(.ARM.Collect$$$$00000008)
    _main_cpp_init                           0x08000191   Thumb Code     0  entry8b.o(.ARM.Collect$$$$0000000A)
    _main_init                               0x08000191   Thumb Code     0  entry9a.o(.ARM.Collect$$$$0000000B)
    __rt_final_cpp                           0x08000199   Thumb Code     0  entry10a.o(.ARM.Collect$$$$0000000D)
    __rt_final_exit                          0x08000199   Thumb Code     0  entry11a.o(.ARM.Collect$$$$0000000F)
    Reset_Handler                            0x0800019d   Thumb Code     8  startup_stm32f40_41xxx.o(.text)
    NMI_Handler                              0x080001a5   Thumb Code     2  startup_stm32f40_41xxx.o(.text)
    MemManage_Handler                        0x080001a9   Thumb Code     2  startup_stm32f40_41xxx.o(.text)
    BusFault_Handler                         0x080001ab   Thumb Code     2  startup_stm32f40_41xxx.o(.text)
    UsageFault_Handler                       0x080001ad   Thumb Code     2  startup_stm32f40_41xxx.o(.text)
    SVC_Handler                              0x080001af   Thumb Code     2  startup_stm32f40_41xxx.o(.text)
    DebugMon_Handler                         0x080001b1   Thumb Code     2  startup_stm32f40_41xxx.o(.text)
    PendSV_Handler                           0x080001b3   Thumb Code     2  startup_stm32f40_41xxx.o(.text)
    SysTick_Handler                          0x080001b5   Thumb Code     2  startup_stm32f40_41xxx.o(.text)
    ADC_IRQHandler                           0x080001b7   Thumb Code     0  startup_stm32f40_41xxx.o(.text)
    CAN1_RX0_IRQHandler                      0x080001b7   Thumb Code     0  startup_stm32f40_41xxx.o(.text)
    CAN1_RX1_IRQHandler                      0x080001b7   Thumb Code     0  startup_stm32f40_41xxx.o(.text)
    CAN1_SCE_IRQHandler                      0x080001b7   Thumb Code     0  startup_stm32f40_41xxx.o(.text)
    CAN1_TX_IRQHandler                       0x080001b7   Thumb Code     0  startup_stm32f40_41xxx.o(.text)
    CAN2_RX0_IRQHandler                      0x080001b7   Thumb Code     0  startup_stm32f40_41xxx.o(.text)
    CAN2_RX1_IRQHandler                      0x080001b7   Thumb Code     0  startup_stm32f40_41xxx.o(.text)
    CAN2_SCE_IRQHandler                      0x080001b7   Thumb Code     0  startup_stm32f40_41xxx.o(.text)
    CAN2_TX_IRQHandler                       0x080001b7   Thumb Code     0  startup_stm32f40_41xxx.o(.text)
    CRYP_IRQHandler                          0x080001b7   Thumb Code     0  startup_stm32f40_41xxx.o(.text)
    DCMI_IRQHandler                          0x080001b7   Thumb Code     0  startup_stm32f40_41xxx.o(.text)
    DMA1_Stream0_IRQHandler                  0x080001b7   Thumb Code     0  startup_stm32f40_41xxx.o(.text)
    DMA1_Stream1_IRQHandler                  0x080001b7   Thumb Code     0  startup_stm32f40_41xxx.o(.text)
    DMA1_Stream2_IRQHandler                  0x080001b7   Thumb Code     0  startup_stm32f40_41xxx.o(.text)
    DMA1_Stream3_IRQHandler                  0x080001b7   Thumb Code     0  startup_stm32f40_41xxx.o(.text)
    DMA1_Stream4_IRQHandler                  0x080001b7   Thumb Code     0  startup_stm32f40_41xxx.o(.text)
    DMA1_Stream5_IRQHandler                  0x080001b7   Thumb Code     0  startup_stm32f40_41xxx.o(.text)
    DMA1_Stream6_IRQHandler                  0x080001b7   Thumb Code     0  startup_stm32f40_41xxx.o(.text)
    DMA1_Stream7_IRQHandler                  0x080001b7   Thumb Code     0  startup_stm32f40_41xxx.o(.text)
    DMA2_Stream0_IRQHandler                  0x080001b7   Thumb Code     0  startup_stm32f40_41xxx.o(.text)
    DMA2_Stream1_IRQHandler                  0x080001b7   Thumb Code     0  startup_stm32f40_41xxx.o(.text)
    DMA2_Stream2_IRQHandler                  0x080001b7   Thumb Code     0  startup_stm32f40_41xxx.o(.text)
    DMA2_Stream3_IRQHandler                  0x080001b7   Thumb Code     0  startup_stm32f40_41xxx.o(.text)
    DMA2_Stream4_IRQHandler                  0x080001b7   Thumb Code     0  startup_stm32f40_41xxx.o(.text)
    DMA2_Stream5_IRQHandler                  0x080001b7   Thumb Code     0  startup_stm32f40_41xxx.o(.text)
    DMA2_Stream6_IRQHandler                  0x080001b7   Thumb Code     0  startup_stm32f40_41xxx.o(.text)
    DMA2_Stream7_IRQHandler                  0x080001b7   Thumb Code     0  startup_stm32f40_41xxx.o(.text)
    ETH_IRQHandler                           0x080001b7   Thumb Code     0  startup_stm32f40_41xxx.o(.text)
    ETH_WKUP_IRQHandler                      0x080001b7   Thumb Code     0  startup_stm32f40_41xxx.o(.text)
    EXTI0_IRQHandler                         0x080001b7   Thumb Code     0  startup_stm32f40_41xxx.o(.text)
    EXTI15_10_IRQHandler                     0x080001b7   Thumb Code     0  startup_stm32f40_41xxx.o(.text)
    EXTI1_IRQHandler                         0x080001b7   Thumb Code     0  startup_stm32f40_41xxx.o(.text)
    EXTI2_IRQHandler                         0x080001b7   Thumb Code     0  startup_stm32f40_41xxx.o(.text)
    EXTI3_IRQHandler                         0x080001b7   Thumb Code     0  startup_stm32f40_41xxx.o(.text)
    EXTI4_IRQHandler                         0x080001b7   Thumb Code     0  startup_stm32f40_41xxx.o(.text)
    EXTI9_5_IRQHandler                       0x080001b7   Thumb Code     0  startup_stm32f40_41xxx.o(.text)
    FLASH_IRQHandler                         0x080001b7   Thumb Code     0  startup_stm32f40_41xxx.o(.text)
    FPU_IRQHandler                           0x080001b7   Thumb Code     0  startup_stm32f40_41xxx.o(.text)
    FSMC_IRQHandler                          0x080001b7   Thumb Code     0  startup_stm32f40_41xxx.o(.text)
    HASH_RNG_IRQHandler                      0x080001b7   Thumb Code     0  startup_stm32f40_41xxx.o(.text)
    I2C1_ER_IRQHandler                       0x080001b7   Thumb Code     0  startup_stm32f40_41xxx.o(.text)
    I2C1_EV_IRQHandler                       0x080001b7   Thumb Code     0  startup_stm32f40_41xxx.o(.text)
    I2C2_ER_IRQHandler                       0x080001b7   Thumb Code     0  startup_stm32f40_41xxx.o(.text)
    I2C2_EV_IRQHandler                       0x080001b7   Thumb Code     0  startup_stm32f40_41xxx.o(.text)
    I2C3_ER_IRQHandler                       0x080001b7   Thumb Code     0  startup_stm32f40_41xxx.o(.text)
    I2C3_EV_IRQHandler                       0x080001b7   Thumb Code     0  startup_stm32f40_41xxx.o(.text)
    OTG_FS_IRQHandler                        0x080001b7   Thumb Code     0  startup_stm32f40_41xxx.o(.text)
    OTG_FS_WKUP_IRQHandler                   0x080001b7   Thumb Code     0  startup_stm32f40_41xxx.o(.text)
    OTG_HS_EP1_IN_IRQHandler                 0x080001b7   Thumb Code     0  startup_stm32f40_41xxx.o(.text)
    OTG_HS_EP1_OUT_IRQHandler                0x080001b7   Thumb Code     0  startup_stm32f40_41xxx.o(.text)
    OTG_HS_IRQHandler                        0x080001b7   Thumb Code     0  startup_stm32f40_41xxx.o(.text)
    OTG_HS_WKUP_IRQHandler                   0x080001b7   Thumb Code     0  startup_stm32f40_41xxx.o(.text)
    PVD_IRQHandler                           0x080001b7   Thumb Code     0  startup_stm32f40_41xxx.o(.text)
    RCC_IRQHandler                           0x080001b7   Thumb Code     0  startup_stm32f40_41xxx.o(.text)
    RTC_Alarm_IRQHandler                     0x080001b7   Thumb Code     0  startup_stm32f40_41xxx.o(.text)
    RTC_WKUP_IRQHandler                      0x080001b7   Thumb Code     0  startup_stm32f40_41xxx.o(.text)
    SDIO_IRQHandler                          0x080001b7   Thumb Code     0  startup_stm32f40_41xxx.o(.text)
    SPI1_IRQHandler                          0x080001b7   Thumb Code     0  startup_stm32f40_41xxx.o(.text)
    SPI2_IRQHandler                          0x080001b7   Thumb Code     0  startup_stm32f40_41xxx.o(.text)
    TAMP_STAMP_IRQHandler                    0x080001b7   Thumb Code     0  startup_stm32f40_41xxx.o(.text)
    TIM1_BRK_TIM9_IRQHandler                 0x080001b7   Thumb Code     0  startup_stm32f40_41xxx.o(.text)
    TIM1_CC_IRQHandler                       0x080001b7   Thumb Code     0  startup_stm32f40_41xxx.o(.text)
    TIM1_TRG_COM_TIM11_IRQHandler            0x080001b7   Thumb Code     0  startup_stm32f40_41xxx.o(.text)
    TIM1_UP_TIM10_IRQHandler                 0x080001b7   Thumb Code     0  startup_stm32f40_41xxx.o(.text)
    TIM2_IRQHandler                          0x080001b7   Thumb Code     0  startup_stm32f40_41xxx.o(.text)
    TIM3_IRQHandler                          0x080001b7   Thumb Code     0  startup_stm32f40_41xxx.o(.text)
    TIM4_IRQHandler                          0x080001b7   Thumb Code     0  startup_stm32f40_41xxx.o(.text)
    TIM5_IRQHandler                          0x080001b7   Thumb Code     0  startup_stm32f40_41xxx.o(.text)
    TIM6_DAC_IRQHandler                      0x080001b7   Thumb Code     0  startup_stm32f40_41xxx.o(.text)
    TIM7_IRQHandler                          0x080001b7   Thumb Code     0  startup_stm32f40_41xxx.o(.text)
    TIM8_BRK_TIM12_IRQHandler                0x080001b7   Thumb Code     0  startup_stm32f40_41xxx.o(.text)
    TIM8_CC_IRQHandler                       0x080001b7   Thumb Code     0  startup_stm32f40_41xxx.o(.text)
    TIM8_TRG_COM_TIM14_IRQHandler            0x080001b7   Thumb Code     0  startup_stm32f40_41xxx.o(.text)
    TIM8_UP_TIM13_IRQHandler                 0x080001b7   Thumb Code     0  startup_stm32f40_41xxx.o(.text)
    UART4_IRQHandler                         0x080001b7   Thumb Code     0  startup_stm32f40_41xxx.o(.text)
    UART5_IRQHandler                         0x080001b7   Thumb Code     0  startup_stm32f40_41xxx.o(.text)
    USART1_IRQHandler                        0x080001b7   Thumb Code     0  startup_stm32f40_41xxx.o(.text)
    USART2_IRQHandler                        0x080001b7   Thumb Code     0  startup_stm32f40_41xxx.o(.text)
    USART6_IRQHandler                        0x080001b7   Thumb Code     0  startup_stm32f40_41xxx.o(.text)
    WWDG_IRQHandler                          0x080001b7   Thumb Code     0  startup_stm32f40_41xxx.o(.text)
    __aeabi_memcpy                           0x080001c1   Thumb Code    36  memcpya.o(.text)
    __aeabi_memcpy4                          0x080001c1   Thumb Code     0  memcpya.o(.text)
    __aeabi_memcpy8                          0x080001c1   Thumb Code     0  memcpya.o(.text)
    __aeabi_memset                           0x080001e5   Thumb Code    14  memseta.o(.text)
    __aeabi_memset4                          0x080001e5   Thumb Code     0  memseta.o(.text)
    __aeabi_memset8                          0x080001e5   Thumb Code     0  memseta.o(.text)
    __aeabi_memclr                           0x080001f3   Thumb Code     4  memseta.o(.text)
    __aeabi_memclr4                          0x080001f3   Thumb Code     0  memseta.o(.text)
    __aeabi_memclr8                          0x080001f3   Thumb Code     0  memseta.o(.text)
    _memset$wrapper                          0x080001f7   Thumb Code    18  memseta.o(.text)
    __aeabi_uidiv                            0x08000209   Thumb Code     0  uidiv.o(.text)
    __aeabi_uidivmod                         0x08000209   Thumb Code    44  uidiv.o(.text)
    __scatterload                            0x08000235   Thumb Code    28  init.o(.text)
    __scatterload_rt2                        0x08000235   Thumb Code     0  init.o(.text)
    __decompress                             0x08000259   Thumb Code     0  __dczerorl2.o(.text)
    __decompress1                            0x08000259   Thumb Code    86  __dczerorl2.o(.text)
    Bc7210_Init                              0x0800032d   Thumb Code    12  bc7210.o(i.Bc7210_Init)
    GPIO_Init                                0x080003e5   Thumb Code   352  stm32f4xx_gpio.o(i.GPIO_Init)
    GPIO_PinAFConfig                         0x080005a5   Thumb Code   352  stm32f4xx_gpio.o(i.GPIO_PinAFConfig)
    GPIO_ReadInputDataBit                    0x08000765   Thumb Code   194  stm32f4xx_gpio.o(i.GPIO_ReadInputDataBit)
    GPIO_ResetBits                           0x08000889   Thumb Code   104  stm32f4xx_gpio.o(i.GPIO_ResetBits)
    GPIO_SetBits                             0x08000951   Thumb Code   104  stm32f4xx_gpio.o(i.GPIO_SetBits)
    HardFault_Handler                        0x08000a19   Thumb Code    10  main.o(i.HardFault_Handler)
    IR_DataKey                               0x08000a35   Thumb Code   112  bc7210.o(i.IR_DataKey)
    InfraredControl                          0x08000ab5   Thumb Code   254  bc7210.o(i.InfraredControl)
    Key_Init                                 0x08000bb5   Thumb Code    56  gpio.o(i.Key_Init)
    Led_Init                                 0x08000bf1   Thumb Code    76  gpio.o(i.Led_Init)
    Motor_Backward                           0x08000c41   Thumb Code   100  motor.o(i.Motor_Backward)
    Motor_Forward                            0x08000cad   Thumb Code   100  motor.o(i.Motor_Forward)
    Motor_GPIOInit                           0x08000d19   Thumb Code   112  motor.o(i.Motor_GPIOInit)
    Motor_Init                               0x08000d91   Thumb Code    32  motor.o(i.Motor_Init)
    Motor_MoveLeft                           0x08000db9   Thumb Code   100  motor.o(i.Motor_MoveLeft)
    Motor_MoveRight                          0x08000e25   Thumb Code   100  motor.o(i.Motor_MoveRight)
    Motor_PwmInit                            0x08000e91   Thumb Code   304  motor.o(i.Motor_PwmInit)
    Motor_SetSpeed                           0x08000fd1   Thumb Code   172  motor.o(i.Motor_SetSpeed)
    Motor_SpinLeft                           0x0800109d   Thumb Code   100  motor.o(i.Motor_SpinLeft)
    Motor_SpinRight                          0x08001109   Thumb Code   100  motor.o(i.Motor_SpinRight)
    Motor_Stop                               0x08001175   Thumb Code   100  motor.o(i.Motor_Stop)
    Motor_TurnLeft                           0x080011e1   Thumb Code   100  motor.o(i.Motor_TurnLeft)
    Motor_TurnRight                          0x0800124d   Thumb Code   100  motor.o(i.Motor_TurnRight)
    NVIC_Init                                0x080012b9   Thumb Code   164  misc.o(i.NVIC_Init)
    NVIC_PriorityGroupConfig                 0x08001395   Thumb Code    54  misc.o(i.NVIC_PriorityGroupConfig)
    OLED_Clear                               0x08001401   Thumb Code    38  oled.o(i.OLED_Clear)
    OLED_DrawBMP                             0x08001427   Thumb Code    74  oled.o(i.OLED_DrawBMP)
    OLED_Init                                0x08001501   Thumb Code   224  oled.o(i.OLED_Init)
    OledDisplayChinese                       0x0800173d   Thumb Code   128  oled.o(i.OledDisplayChinese)
    OledDisplayString                        0x080017c5   Thumb Code    88  oled.o(i.OledDisplayString)
    PS2_DataKey                              0x080018d1   Thumb Code   124  pstwo.o(i.PS2_DataKey)
    PS2_Init                                 0x0800195d   Thumb Code   104  pstwo.o(i.PS2_Init)
    PstwoControl                             0x08001a89   Thumb Code   230  pstwo.o(i.PstwoControl)
    RCC_AHB1PeriphClockCmd                   0x08001b71   Thumb Code    70  stm32f4xx_rcc.o(i.RCC_AHB1PeriphClockCmd)
    RCC_APB1PeriphClockCmd                   0x08001bf5   Thumb Code    70  stm32f4xx_rcc.o(i.RCC_APB1PeriphClockCmd)
    RCC_APB2PeriphClockCmd                   0x08001c75   Thumb Code    70  stm32f4xx_rcc.o(i.RCC_APB2PeriphClockCmd)
    RCC_GetClocksFreq                        0x08001cf9   Thumb Code   214  stm32f4xx_rcc.o(i.RCC_GetClocksFreq)
    RGBLed_Init                              0x08001de1   Thumb Code   104  gpio.o(i.RGBLed_Init)
    SPI3_IRQHandler                          0x08001e55   Thumb Code    54  bc7210.o(i.SPI3_IRQHandler)
    SPI_Cmd                                  0x08001e95   Thumb Code    96  stm32f4xx_spi.o(i.SPI_Cmd)
    SPI_I2S_GetFlagStatus                    0x08001f41   Thumb Code   134  stm32f4xx_spi.o(i.SPI_I2S_GetFlagStatus)
    SPI_I2S_GetITStatus                      0x08002019   Thumb Code   168  stm32f4xx_spi.o(i.SPI_I2S_GetITStatus)
    SPI_I2S_ITConfig                         0x08002111   Thumb Code   150  stm32f4xx_spi.o(i.SPI_I2S_ITConfig)
    SPI_I2S_ReceiveData                      0x080021f9   Thumb Code    68  stm32f4xx_spi.o(i.SPI_I2S_ReceiveData)
    SPI_I2S_SendData                         0x0800228d   Thumb Code    70  stm32f4xx_spi.o(i.SPI_I2S_SendData)
    SPI_Init                                 0x08002325   Thumb Code   366  stm32f4xx_spi.o(i.SPI_Init)
    SystemInit                               0x080025fd   Thumb Code    88  system_stm32f4xx.o(i.SystemInit)
    TIM6_Delay_Init                          0x08002665   Thumb Code    78  timer.o(i.TIM6_Delay_Init)
    TIM_ARRPreloadConfig                     0x080026b9   Thumb Code   144  stm32f4xx_tim.o(i.TIM_ARRPreloadConfig)
    TIM_ClearFlag                            0x080027b1   Thumb Code   108  stm32f4xx_tim.o(i.TIM_ClearFlag)
    TIM_Cmd                                  0x08002885   Thumb Code   144  stm32f4xx_tim.o(i.TIM_Cmd)
    TIM_GenerateEvent                        0x0800297d   Thumb Code   126  stm32f4xx_tim.o(i.TIM_GenerateEvent)
    TIM_GetFlagStatus                        0x08002a65   Thumb Code   188  stm32f4xx_tim.o(i.TIM_GetFlagStatus)
    TIM_OC1Init                              0x08002b89   Thumb Code   400  stm32f4xx_tim.o(i.TIM_OC1Init)
    TIM_OC1PreloadConfig                     0x08002d79   Thumb Code   124  stm32f4xx_tim.o(i.TIM_OC1PreloadConfig)
    TIM_OC2Init                              0x08002e55   Thumb Code   416  stm32f4xx_tim.o(i.TIM_OC2Init)
    TIM_OC2PreloadConfig                     0x08003045   Thumb Code   108  stm32f4xx_tim.o(i.TIM_OC2PreloadConfig)
    TIM_OC3Init                              0x08003101   Thumb Code   400  stm32f4xx_tim.o(i.TIM_OC3Init)
    TIM_OC3PreloadConfig                     0x080032d9   Thumb Code    88  stm32f4xx_tim.o(i.TIM_OC3PreloadConfig)
    TIM_OC4Init                              0x08003379   Thumb Code   290  stm32f4xx_tim.o(i.TIM_OC4Init)
    TIM_OC4PreloadConfig                     0x080034e5   Thumb Code    96  stm32f4xx_tim.o(i.TIM_OC4PreloadConfig)
    TIM_PrescalerConfig                      0x0800358d   Thumb Code   128  stm32f4xx_tim.o(i.TIM_PrescalerConfig)
    TIM_SelectOnePulseMode                   0x08003675   Thumb Code   138  stm32f4xx_tim.o(i.TIM_SelectOnePulseMode)
    TIM_SetAutoreload                        0x08003769   Thumb Code   106  stm32f4xx_tim.o(i.TIM_SetAutoreload)
    TIM_SetCompare1                          0x0800383d   Thumb Code    94  stm32f4xx_tim.o(i.TIM_SetCompare1)
    TIM_SetCompare2                          0x080038fd   Thumb Code    70  stm32f4xx_tim.o(i.TIM_SetCompare2)
    TIM_SetCompare3                          0x08003995   Thumb Code    58  stm32f4xx_tim.o(i.TIM_SetCompare3)
    TIM_SetCompare4                          0x08003a19   Thumb Code    58  stm32f4xx_tim.o(i.TIM_SetCompare4)
    TIM_TimeBaseInit                         0x08003a9d   Thumb Code   278  stm32f4xx_tim.o(i.TIM_TimeBaseInit)
    TIM_UpdateDisableConfig                  0x08003c1d   Thumb Code   144  stm32f4xx_tim.o(i.TIM_UpdateDisableConfig)
    TIM_UpdateRequestConfig                  0x08003d15   Thumb Code   144  stm32f4xx_tim.o(i.TIM_UpdateRequestConfig)
    Tim6_Delay_ms                            0x08003e0d   Thumb Code    84  timer.o(i.Tim6_Delay_ms)
    Tim6_Delay_us                            0x08003e65   Thumb Code    78  timer.o(i.Tim6_Delay_us)
    USART3_IRQHandler                        0x08003eb9   Thumb Code    84  voice.o(i.USART3_IRQHandler)
    USART_ClearITPendingBit                  0x08003f1d   Thumb Code   188  stm32f4xx_usart.o(i.USART_ClearITPendingBit)
    USART_Cmd                                0x08004035   Thumb Code   120  stm32f4xx_usart.o(i.USART_Cmd)
    USART_GetFlagStatus                      0x08004109   Thumb Code   194  stm32f4xx_usart.o(i.USART_GetFlagStatus)
    USART_GetITStatus                        0x08004229   Thumb Code   302  stm32f4xx_usart.o(i.USART_GetITStatus)
    USART_Init                               0x080043b5   Thumb Code   492  stm32f4xx_usart.o(i.USART_Init)
    USART_ReceiveData                        0x08004601   Thumb Code    84  stm32f4xx_usart.o(i.USART_ReceiveData)
    USART_SendData                           0x080046b1   Thumb Code   104  stm32f4xx_usart.o(i.USART_SendData)
    USART_StructInit                         0x08004775   Thumb Code    24  stm32f4xx_usart.o(i.USART_StructInit)
    VoiceSendCMD                             0x0800478d   Thumb Code    94  voice.o(i.VoiceSendCMD)
    __0printf$3                              0x080047f5   Thumb Code    22  printf3.o(i.__0printf$3)
    __1printf$3                              0x080047f5   Thumb Code     0  printf3.o(i.__0printf$3)
    __2printf                                0x080047f5   Thumb Code     0  printf3.o(i.__0printf$3)
    __scatterload_copy                       0x08004815   Thumb Code    14  handlers.o(i.__scatterload_copy)
    __scatterload_null                       0x08004823   Thumb Code     2  handlers.o(i.__scatterload_null)
    __scatterload_zeroinit                   0x08004825   Thumb Code    14  handlers.o(i.__scatterload_zeroinit)
    assert_failed                            0x080049ed   Thumb Code    20  main.o(i.assert_failed)
    fputc                                    0x08004a21   Thumb Code    16  usart.o(i.fputc)
    main                                     0x08004a31   Thumb Code   198  main.o(i.main)
    oled_setpos                              0x08004b01   Thumb Code    42  oled.o(i.oled_setpos)
    sys_now                                  0x08004b2d   Thumb Code     6  pstwo.o(i.sys_now)
    usart_init                               0x08004b39   Thumb Code   122  usart.o(i.usart_init)
    Ascii                                    0x08004c29   Data        1536  oled.o(.constdata)
    Hz_Index                                 0x08005229   Data          25  oled.o(.constdata)
    DZK                                      0x08005242   Data         384  oled.o(.constdata)
    Region$$Table$$Base                      0x080053ec   Number         0  anon$$obj.o(Region$$Table)
    Region$$Table$$Limit                     0x0800540c   Number         0  anon$$obj.o(Region$$Table)
    pic1                                     0x20000010   Data         384  main.o(.data)
    pic                                      0x20000190   Data        1024  main.o(.data)
    ir_data                                  0x200005bd   Data           5  bc7210.o(.data)
    __stdout                                 0x200005c4   Data           4  stdout.o(.data)
    err                                      0x200005e5   Data          50  pstwo.o(.bss)
    __initial_sp                             0x20006618   Data           0  startup_stm32f40_41xxx.o(STACK)



==============================================================================

Memory Map of the image

  Image Entry point : 0x08000189

  Load Region LR_IROM1 (Base: 0x08000000, Size: 0x000059d4, Max: 0x00100000, ABSOLUTE, COMPRESSED[0x00005614])

    Execution Region ER_IROM1 (Exec base: 0x08000000, Load base: 0x08000000, Size: 0x0000540c, Max: 0x00100000, ABSOLUTE)

    Exec Addr    Load Addr    Size         Type   Attr      Idx    E Section Name        Object

    0x08000000   0x08000000   0x00000188   Data   RO            3    RESET               startup_stm32f40_41xxx.o
    0x08000188   0x08000188   0x00000000   Code   RO         5944  * .ARM.Collect$$$$00000000  mc_w.l(entry.o)
    0x08000188   0x08000188   0x00000004   Code   RO         6222    .ARM.Collect$$$$00000001  mc_w.l(entry2.o)
    0x0800018c   0x0800018c   0x00000004   Code   RO         6225    .ARM.Collect$$$$00000004  mc_w.l(entry5.o)
    0x08000190   0x08000190   0x00000000   Code   RO         6227    .ARM.Collect$$$$00000008  mc_w.l(entry7b.o)
    0x08000190   0x08000190   0x00000000   Code   RO         6229    .ARM.Collect$$$$0000000A  mc_w.l(entry8b.o)
    0x08000190   0x08000190   0x00000008   Code   RO         6230    .ARM.Collect$$$$0000000B  mc_w.l(entry9a.o)
    0x08000198   0x08000198   0x00000000   Code   RO         6232    .ARM.Collect$$$$0000000D  mc_w.l(entry10a.o)
    0x08000198   0x08000198   0x00000000   Code   RO         6234    .ARM.Collect$$$$0000000F  mc_w.l(entry11a.o)
    0x08000198   0x08000198   0x00000004   Code   RO         6223    .ARM.Collect$$$$00002712  mc_w.l(entry2.o)
    0x0800019c   0x0800019c   0x00000024   Code   RO            4    .text               startup_stm32f40_41xxx.o
    0x080001c0   0x080001c0   0x00000024   Code   RO         5949    .text               mc_w.l(memcpya.o)
    0x080001e4   0x080001e4   0x00000024   Code   RO         5951    .text               mc_w.l(memseta.o)
    0x08000208   0x08000208   0x0000002c   Code   RO         6237    .text               mc_w.l(uidiv.o)
    0x08000234   0x08000234   0x00000024   Code   RO         6254    .text               mc_w.l(init.o)
    0x08000258   0x08000258   0x00000056   Code   RO         6270    .text               mc_w.l(__dczerorl2.o)
    0x080002ae   0x080002ae   0x00000002   PAD
    0x080002b0   0x080002b0   0x0000007c   Code   RO         5889    i.Bc7210_GPIOInit   bc7210.o
    0x0800032c   0x0800032c   0x0000000c   Code   RO         5890    i.Bc7210_Init       bc7210.o
    0x08000338   0x08000338   0x00000084   Code   RO         5891    i.Bc7210_SPIInit    bc7210.o
    0x080003bc   0x080003bc   0x00000028   Code   RO         5600    i.DoSum             voice.o
    0x080003e4   0x080003e4   0x000001c0   Code   RO         2145    i.GPIO_Init         stm32f4xx_gpio.o
    0x080005a4   0x080005a4   0x000001c0   Code   RO         2146    i.GPIO_PinAFConfig  stm32f4xx_gpio.o
    0x08000764   0x08000764   0x00000124   Code   RO         2149    i.GPIO_ReadInputDataBit  stm32f4xx_gpio.o
    0x08000888   0x08000888   0x000000c8   Code   RO         2152    i.GPIO_ResetBits    stm32f4xx_gpio.o
    0x08000950   0x08000950   0x000000c8   Code   RO         2153    i.GPIO_SetBits      stm32f4xx_gpio.o
    0x08000a18   0x08000a18   0x0000001c   Code   RO         5299    i.HardFault_Handler  main.o
    0x08000a34   0x08000a34   0x00000080   Code   RO         5892    i.IR_DataKey        bc7210.o
    0x08000ab4   0x08000ab4   0x000000fe   Code   RO         5893    i.InfraredControl   bc7210.o
    0x08000bb2   0x08000bb2   0x00000002   PAD
    0x08000bb4   0x08000bb4   0x0000003c   Code   RO         5377    i.Key_Init          gpio.o
    0x08000bf0   0x08000bf0   0x00000050   Code   RO         5379    i.Led_Init          gpio.o
    0x08000c40   0x08000c40   0x0000006c   Code   RO         5462    i.Motor_Backward    motor.o
    0x08000cac   0x08000cac   0x0000006c   Code   RO         5463    i.Motor_Forward     motor.o
    0x08000d18   0x08000d18   0x00000078   Code   RO         5464    i.Motor_GPIOInit    motor.o
    0x08000d90   0x08000d90   0x00000028   Code   RO         5465    i.Motor_Init        motor.o
    0x08000db8   0x08000db8   0x0000006c   Code   RO         5466    i.Motor_MoveLeft    motor.o
    0x08000e24   0x08000e24   0x0000006c   Code   RO         5467    i.Motor_MoveRight   motor.o
    0x08000e90   0x08000e90   0x00000140   Code   RO         5468    i.Motor_PwmInit     motor.o
    0x08000fd0   0x08000fd0   0x000000cc   Code   RO         5469    i.Motor_SetSpeed    motor.o
    0x0800109c   0x0800109c   0x0000006c   Code   RO         5470    i.Motor_SpinLeft    motor.o
    0x08001108   0x08001108   0x0000006c   Code   RO         5471    i.Motor_SpinRight   motor.o
    0x08001174   0x08001174   0x0000006c   Code   RO         5473    i.Motor_Stop        motor.o
    0x080011e0   0x080011e0   0x0000006c   Code   RO         5474    i.Motor_TurnLeft    motor.o
    0x0800124c   0x0800124c   0x0000006c   Code   RO         5475    i.Motor_TurnRight   motor.o
    0x080012b8   0x080012b8   0x000000dc   Code   RO          155    i.NVIC_Init         misc.o
    0x08001394   0x08001394   0x0000006c   Code   RO          156    i.NVIC_PriorityGroupConfig  misc.o
    0x08001400   0x08001400   0x00000026   Code   RO         5662    i.OLED_Clear        oled.o
    0x08001426   0x08001426   0x0000004a   Code   RO         5663    i.OLED_DrawBMP      oled.o
    0x08001470   0x08001470   0x00000090   Code   RO         5664    i.OLED_GPIOInit     oled.o
    0x08001500   0x08001500   0x000000e4   Code   RO         5665    i.OLED_Init         oled.o
    0x080015e4   0x080015e4   0x00000064   Code   RO         5666    i.OLED_SPIInit      oled.o
    0x08001648   0x08001648   0x00000026   Code   RO         5667    i.OLED_Setpos       oled.o
    0x0800166e   0x0800166e   0x00000002   PAD
    0x08001670   0x08001670   0x0000003c   Code   RO         5668    i.OLED_WR_Com       oled.o
    0x080016ac   0x080016ac   0x0000003c   Code   RO         5669    i.OLED_WR_Dat       oled.o
    0x080016e8   0x080016e8   0x00000054   Code   RO         5670    i.OledDisplayAscii  oled.o
    0x0800173c   0x0800173c   0x00000088   Code   RO         5671    i.OledDisplayChinese  oled.o
    0x080017c4   0x080017c4   0x00000058   Code   RO         5672    i.OledDisplayString  oled.o
    0x0800181c   0x0800181c   0x00000018   Code   RO         5764    i.PS2_ClearData     pstwo.o
    0x08001834   0x08001834   0x0000009c   Code   RO         5765    i.PS2_Cmd           pstwo.o
    0x080018d0   0x080018d0   0x0000008c   Code   RO         5766    i.PS2_DataKey       pstwo.o
    0x0800195c   0x0800195c   0x0000006c   Code   RO         5767    i.PS2_Init          pstwo.o
    0x080019c8   0x080019c8   0x000000c0   Code   RO         5768    i.PS2_ReadData      pstwo.o
    0x08001a88   0x08001a88   0x000000e6   Code   RO         5770    i.PstwoControl      pstwo.o
    0x08001b6e   0x08001b6e   0x00000002   PAD
    0x08001b70   0x08001b70   0x00000084   Code   RO         3080    i.RCC_AHB1PeriphClockCmd  stm32f4xx_rcc.o
    0x08001bf4   0x08001bf4   0x00000080   Code   RO         3089    i.RCC_APB1PeriphClockCmd  stm32f4xx_rcc.o
    0x08001c74   0x08001c74   0x00000084   Code   RO         3092    i.RCC_APB2PeriphClockCmd  stm32f4xx_rcc.o
    0x08001cf8   0x08001cf8   0x000000e8   Code   RO         3101    i.RCC_GetClocksFreq  stm32f4xx_rcc.o
    0x08001de0   0x08001de0   0x00000074   Code   RO         5381    i.RGBLed_Init       gpio.o
    0x08001e54   0x08001e54   0x00000040   Code   RO         5894    i.SPI3_IRQHandler   bc7210.o
    0x08001e94   0x08001e94   0x000000ac   Code   RO         4244    i.SPI_Cmd           stm32f4xx_spi.o
    0x08001f40   0x08001f40   0x000000d8   Code   RO         4252    i.SPI_I2S_GetFlagStatus  stm32f4xx_spi.o
    0x08002018   0x08002018   0x000000f8   Code   RO         4253    i.SPI_I2S_GetITStatus  stm32f4xx_spi.o
    0x08002110   0x08002110   0x000000e8   Code   RO         4254    i.SPI_I2S_ITConfig  stm32f4xx_spi.o
    0x080021f8   0x080021f8   0x00000094   Code   RO         4255    i.SPI_I2S_ReceiveData  stm32f4xx_spi.o
    0x0800228c   0x0800228c   0x00000098   Code   RO         4256    i.SPI_I2S_SendData  stm32f4xx_spi.o
    0x08002324   0x08002324   0x000001bc   Code   RO         4257    i.SPI_Init          stm32f4xx_spi.o
    0x080024e0   0x080024e0   0x00000030   Code   RO         5673    i.SPI_WiteByte      oled.o
    0x08002510   0x08002510   0x000000ec   Code   RO           13    i.SetSysClock       system_stm32f4xx.o
    0x080025fc   0x080025fc   0x00000068   Code   RO           15    i.SystemInit        system_stm32f4xx.o
    0x08002664   0x08002664   0x00000054   Code   RO         5426    i.TIM6_Delay_Init   timer.o
    0x080026b8   0x080026b8   0x000000f8   Code   RO         4473    i.TIM_ARRPreloadConfig  stm32f4xx_tim.o
    0x080027b0   0x080027b0   0x000000d4   Code   RO         4479    i.TIM_ClearFlag     stm32f4xx_tim.o
    0x08002884   0x08002884   0x000000f8   Code   RO         4485    i.TIM_Cmd           stm32f4xx_tim.o
    0x0800297c   0x0800297c   0x000000e8   Code   RO         4499    i.TIM_GenerateEvent  stm32f4xx_tim.o
    0x08002a64   0x08002a64   0x00000124   Code   RO         4505    i.TIM_GetFlagStatus  stm32f4xx_tim.o
    0x08002b88   0x08002b88   0x000001f0   Code   RO         4514    i.TIM_OC1Init       stm32f4xx_tim.o
    0x08002d78   0x08002d78   0x000000dc   Code   RO         4517    i.TIM_OC1PreloadConfig  stm32f4xx_tim.o
    0x08002e54   0x08002e54   0x000001f0   Code   RO         4519    i.TIM_OC2Init       stm32f4xx_tim.o
    0x08003044   0x08003044   0x000000bc   Code   RO         4522    i.TIM_OC2PreloadConfig  stm32f4xx_tim.o
    0x08003100   0x08003100   0x000001d8   Code   RO         4524    i.TIM_OC3Init       stm32f4xx_tim.o
    0x080032d8   0x080032d8   0x000000a0   Code   RO         4527    i.TIM_OC3PreloadConfig  stm32f4xx_tim.o
    0x08003378   0x08003378   0x0000016c   Code   RO         4529    i.TIM_OC4Init       stm32f4xx_tim.o
    0x080034e4   0x080034e4   0x000000a8   Code   RO         4531    i.TIM_OC4PreloadConfig  stm32f4xx_tim.o
    0x0800358c   0x0800358c   0x000000e8   Code   RO         4534    i.TIM_PrescalerConfig  stm32f4xx_tim.o
    0x08003674   0x08003674   0x000000f4   Code   RO         4542    i.TIM_SelectOnePulseMode  stm32f4xx_tim.o
    0x08003768   0x08003768   0x000000d4   Code   RO         4545    i.TIM_SetAutoreload  stm32f4xx_tim.o
    0x0800383c   0x0800383c   0x000000c0   Code   RO         4547    i.TIM_SetCompare1   stm32f4xx_tim.o
    0x080038fc   0x080038fc   0x00000098   Code   RO         4548    i.TIM_SetCompare2   stm32f4xx_tim.o
    0x08003994   0x08003994   0x00000084   Code   RO         4549    i.TIM_SetCompare3   stm32f4xx_tim.o
    0x08003a18   0x08003a18   0x00000084   Code   RO         4550    i.TIM_SetCompare4   stm32f4xx_tim.o
    0x08003a9c   0x08003a9c   0x00000180   Code   RO         4557    i.TIM_TimeBaseInit  stm32f4xx_tim.o
    0x08003c1c   0x08003c1c   0x000000f8   Code   RO         4559    i.TIM_UpdateDisableConfig  stm32f4xx_tim.o
    0x08003d14   0x08003d14   0x000000f8   Code   RO         4560    i.TIM_UpdateRequestConfig  stm32f4xx_tim.o
    0x08003e0c   0x08003e0c   0x00000058   Code   RO         5427    i.Tim6_Delay_ms     timer.o
    0x08003e64   0x08003e64   0x00000054   Code   RO         5428    i.Tim6_Delay_us     timer.o
    0x08003eb8   0x08003eb8   0x00000064   Code   RO         5601    i.USART3_IRQHandler  voice.o
    0x08003f1c   0x08003f1c   0x00000118   Code   RO         5039    i.USART_ClearITPendingBit  stm32f4xx_usart.o
    0x08004034   0x08004034   0x000000d4   Code   RO         5042    i.USART_Cmd         stm32f4xx_usart.o
    0x08004108   0x08004108   0x00000120   Code   RO         5045    i.USART_GetFlagStatus  stm32f4xx_usart.o
    0x08004228   0x08004228   0x0000018c   Code   RO         5046    i.USART_GetITStatus  stm32f4xx_usart.o
    0x080043b4   0x080043b4   0x0000024c   Code   RO         5049    i.USART_Init        stm32f4xx_usart.o
    0x08004600   0x08004600   0x000000b0   Code   RO         5056    i.USART_ReceiveData  stm32f4xx_usart.o
    0x080046b0   0x080046b0   0x000000c4   Code   RO         5059    i.USART_SendData    stm32f4xx_usart.o
    0x08004774   0x08004774   0x00000018   Code   RO         5065    i.USART_StructInit  stm32f4xx_usart.o
    0x0800478c   0x0800478c   0x00000068   Code   RO         5603    i.VoiceSendCMD      voice.o
    0x080047f4   0x080047f4   0x00000020   Code   RO         6044    i.__0printf$3       mc_w.l(printf3.o)
    0x08004814   0x08004814   0x0000000e   Code   RO         6264    i.__scatterload_copy  mc_w.l(handlers.o)
    0x08004822   0x08004822   0x00000002   Code   RO         6265    i.__scatterload_null  mc_w.l(handlers.o)
    0x08004824   0x08004824   0x0000000e   Code   RO         6266    i.__scatterload_zeroinit  mc_w.l(handlers.o)
    0x08004832   0x08004832   0x00000002   PAD
    0x08004834   0x08004834   0x000001b8   Code   RO         6051    i._printf_core      mc_w.l(printf3.o)
    0x080049ec   0x080049ec   0x00000034   Code   RO         5300    i.assert_failed     main.o
    0x08004a20   0x08004a20   0x00000010   Code   RO         5565    i.fputc             usart.o
    0x08004a30   0x08004a30   0x000000d0   Code   RO         5301    i.main              main.o
    0x08004b00   0x08004b00   0x0000002a   Code   RO         5674    i.oled_setpos       oled.o
    0x08004b2a   0x08004b2a   0x00000002   PAD
    0x08004b2c   0x08004b2c   0x0000000c   Code   RO         5771    i.sys_now           pstwo.o
    0x08004b38   0x08004b38   0x00000084   Code   RO         5566    i.usart_init        usart.o
    0x08004bbc   0x08004bbc   0x00000020   Code   RO         5567    i.usart_sendbyte    usart.o
    0x08004bdc   0x08004bdc   0x0000003e   Data   RO         5302    .constdata          main.o
    0x08004c1a   0x08004c1a   0x0000000f   Data   RO         5476    .constdata          motor.o
    0x08004c29   0x08004c29   0x00000799   Data   RO         5675    .constdata          oled.o
    0x080053c2   0x080053c2   0x00000002   PAD
    0x080053c4   0x080053c4   0x00000026   Data   RO         5303    .conststring        main.o
    0x080053ea   0x080053ea   0x00000002   PAD
    0x080053ec   0x080053ec   0x00000020   Data   RO         6262    Region$$Table       anon$$obj.o


    Execution Region RW_IRAM1 (Exec base: 0x20000000, Load base: 0x0800540c, Size: 0x00006618, Max: 0x00020000, ABSOLUTE, COMPRESSED[0x00000208])

    Exec Addr    Load Addr    Size         Type   Attr      Idx    E Section Name        Object

    0x20000000   COMPRESSED   0x00000010   Data   RW         3133    .data               stm32f4xx_rcc.o
    0x20000010   COMPRESSED   0x00000580   Data   RW         5304    .data               main.o
    0x20000590   COMPRESSED   0x00000002   Data   RW         5608    .data               voice.o
    0x20000592   COMPRESSED   0x00000002   PAD
    0x20000594   COMPRESSED   0x00000029   Data   RW         5774    .data               pstwo.o
    0x200005bd   COMPRESSED   0x00000007   Data   RW         5895    .data               bc7210.o
    0x200005c4   COMPRESSED   0x00000004   Data   RW         6236    .data               mc_w.l(stdout.o)
    0x200005c8        -       0x00000014   Zero   RW         5607    .bss                voice.o
    0x200005dc        -       0x0000003b   Zero   RW         5773    .bss                pstwo.o
    0x20000617   COMPRESSED   0x00000001   PAD
    0x20000618        -       0x00006000   Zero   RW            1    STACK               startup_stm32f40_41xxx.o


==============================================================================

Image component sizes


      Code (inc. data)   RO Data    RW Data    ZI Data      Debug   Object Name

       714         40          0          7          0       4777   bc7210.o
       256         20          0          0          0       1532   gpio.o
       288         60        100       1408          0       3974   main.o
       328        110          0          0          0      18795   misc.o
      1656        136         15          0          0       6762   motor.o
      1140         48       1945          0          0       9012   oled.o
       862         58          0         41         59       4444   pstwo.o
        36          8        392          0      24576        888   startup_stm32f40_41xxx.o
         0          0          0          0          0      15444   stm32f4xx_dfsdm.o
      1588        482          0          0          0      11451   stm32f4xx_gpio.o
       624        200          0         16          0       4931   stm32f4xx_rcc.o
      1612        560          0          0          0      14031   stm32f4xx_spi.o
      5972       2122          0          0          0      37383   stm32f4xx_tim.o
      2160        652          0          0          0      12841   stm32f4xx_usart.o
       340         32          0          0          0     285557   system_stm32f4xx.o
       256         16          0          0          0       1602   timer.o
       180         14          0          0          0       1665   usart.o
       244         26          0          2         20       2347   voice.o

    ----------------------------------------------------------------------
     18264       4584       2488       1476      24656     437436   Object Totals
         0          0         32          0          0          0   (incl. Generated)
         8          0          4          2          1          0   (incl. Padding)

    ----------------------------------------------------------------------

      Code (inc. data)   RO Data    RW Data    ZI Data      Debug   Library Member Name

        86          0          0          0          0          0   __dczerorl2.o
         0          0          0          0          0          0   entry.o
         0          0          0          0          0          0   entry10a.o
         0          0          0          0          0          0   entry11a.o
         8          4          0          0          0          0   entry2.o
         4          0          0          0          0          0   entry5.o
         0          0          0          0          0          0   entry7b.o
         0          0          0          0          0          0   entry8b.o
         8          4          0          0          0          0   entry9a.o
        30          0          0          0          0          0   handlers.o
        36          8          0          0          0         68   init.o
        36          0          0          0          0         68   memcpya.o
        36          0          0          0          0        108   memseta.o
       472         14          0          0          0        184   printf3.o
         0          0          0          4          0          0   stdout.o
        44          0          0          0          0         80   uidiv.o

    ----------------------------------------------------------------------
       764         30          0          4          0        508   Library Totals
         4          0          0          0          0          0   (incl. Padding)

    ----------------------------------------------------------------------

      Code (inc. data)   RO Data    RW Data    ZI Data      Debug   Library Name

       760         30          0          4          0        508   mc_w.l

    ----------------------------------------------------------------------
       764         30          0          4          0        508   Library Totals

    ----------------------------------------------------------------------

==============================================================================


      Code (inc. data)   RO Data    RW Data    ZI Data      Debug   

     19028       4614       2488       1480      24656     427972   Grand Totals
     19028       4614       2488        520      24656     427972   ELF Image Totals (compressed)
     19028       4614       2488        520          0          0   ROM Totals

==============================================================================

    Total RO  Size (Code + RO Data)                21516 (  21.01kB)
    Total RW  Size (RW Data + ZI Data)             26136 (  25.52kB)
    Total ROM Size (Code + RO Data + RW Data)      22036 (  21.52kB)

==============================================================================

